[
  {
    "id": 1,
    "log": "Dec 20 05:01:00 prd-ifapigw-01 agent: 2024-12-20 05:01:00 KST | CORE | INFO | (pkg/serializer/serializer.go:403 in sendMetadata) | Sent metadata payload, size (raw/compressed): 2205/851 bytes."
  },
  {
    "id": 2,
    "log": "Dec 20 05:01:01 prd-ifapigw-01 systemd: Created slice User Slice of root."
  },
  {
    "id": 3,
    "log": "Dec 20 05:01:01 prd-ifapigw-01 systemd: Starting User Slice of root."
  },
  {
    "id": 4,
    "log": "Dec 20 05:01:01 prd-ifapigw-01 systemd: Started Session 882800 of user root."
  },
  {
    "id": 5,
    "log": "Dec 20 05:01:01 prd-ifapigw-01 systemd: Starting Session 882800 of user root."
  },
  {
    "id": 6,
    "log": "Dec 20 05:01:01 prd-ifapigw-01 systemd: Started Session 882799 of user root."
  },
  {
    "id": 7,
    "log": "Dec 20 05:01:01 prd-ifapigw-01 systemd: Starting Session 882799 of user root."
  },
  {
    "id": 8,
    "log": "Dec 20 05:01:01 prd-ifapigw-01 systemd: Removed slice User Slice of root."
  },
  {
    "id": 9,
    "log": "Dec 20 05:01:01 prd-ifapigw-01 systemd: Stopping User Slice of root."
  },
  {
    "id": 10,
    "log": "Dec 20 05:01:21 prd-ifapigw-01 trace-agent: 2024-12-20 05:01:21 KST | TRACE | INFO | (run.go:251 in Info) | No data received"
  },
  {
    "id": 11,
    "log": "Dec 20 05:01:33 prd-ifapigw-01 agent: 2024-12-20 05:01:33 KST | CORE | INFO | (pkg/serializer/serializer.go:427 in SendProcessesMetadata) | Sent processes metadata payload, size: 1397 bytes."
  },
  {
    "id": 12,
    "log": "Dec 20 05:01:40 prd-ifapigw-01 dhclient[2596]: XMT: Solicit on eth0, interval 116310ms."
  },
  {
    "id": 13,
    "log": "Dec 20 05:01:52 prd-ifapigw-01 process-agent: 2024-12-20 05:01:52 KST | PROCESS | INFO | (collector.go:243 in logCheckDuration) | Finish process check #3210340 in 4.603141ms"
  },
  {
    "id": 14,
    "log": "Dec 20 05:01:58 prd-ifapigw-01 dhclient[2459]: DHCPREQUEST on eth0 to 10.194.42.1 port 67 (xid=0x409fcb86)"
  },
  {
    "id": 15,
    "log": "Dec 20 05:01:58 prd-ifapigw-01 dhclient[2459]: DHCPACK from 10.194.42.1 (xid=0x409fcb86)"
  },
  {
    "id": 16,
    "log": "Dec 20 05:01:58 prd-ifapigw-01 dhclient[2459]: bound to 10.194.42.60 -- renewal in 1754 seconds."
  },
  {
    "id": 17,
    "log": "Dec 20 05:01:58 prd-ifapigw-01 ec2net: [get_meta] Trying to get http://169.254.169.254/latest/meta-data/network/interfaces/macs/02:3d:27:52:6d:2e/local-ipv4s"
  },
  {
    "id": 18,
    "log": "Dec 20 05:01:58 prd-ifapigw-01 ec2net: [rewrite_aliases] Rewriting aliases of eth0"
  },
  {
    "id": 19,
    "log": "Dec 20 05:02:01 prd-ifapigw-01 systemd: Created slice User Slice of root."
  },
  {
    "id": 20,
    "log": "Dec 20 05:02:01 prd-ifapigw-01 systemd: Starting User Slice of root."
  },
  {
    "id": 21,
    "log": "Dec 20 05:02:01 prd-ifapigw-01 systemd: Started Session 882801 of user root."
  },
  {
    "id": 22,
    "log": "Dec 20 05:02:01 prd-ifapigw-01 systemd: Starting Session 882801 of user root."
  },
  {
    "id": 23,
    "log": "Dec 20 05:02:01 prd-ifapigw-01 systemd: Removed slice User Slice of root."
  },
  {
    "id": 24,
    "log": "Dec 20 05:02:01 prd-ifapigw-01 systemd: Stopping User Slice of root."
  },
  {
    "id": 25,
    "log": "Dec 20 05:02:31 prd-ifapigw-01 trace-agent: 2024-12-20 05:02:31 KST | TRACE | INFO | (run.go:251 in Info) | No data received"
  },
  {
    "id": 26,
    "log": "Dec 20 05:02:37 prd-ifapigw-01 systemd: Unmounting /app_log..."
  },
  {
    "id": 27,
    "log": "Dec 20 05:02:37 prd-ifapigw-01 systemd: Stopping Datadog Trace Agent (APM)..."
  },
  {
    "id": 28,
    "log": "Dec 20 05:02:37 prd-ifapigw-01 systemd: Removed slice system-systemd\\x2dfsck.slice."
  },
  {
    "id": 29,
    "log": "Dec 20 05:02:37 prd-ifapigw-01 systemd: Stopping system-systemd\\x2dfsck.slice."
  },
  {
    "id": 30,
    "log": "Dec 20 05:02:37 prd-ifapigw-01 systemd: Stopping Datadog Process Agent..."
  },
  {
    "id": 31,
    "log": "Dec 20 05:02:37 prd-ifapigw-01 systemd: Stopped target Graphical Interface."
  },
  {
    "id": 32,
    "log": "Dec 20 05:02:37 prd-ifapigw-01 systemd: Stopping Graphical Interface."
  },
  {
    "id": 33,
    "log": "Dec 20 05:02:37 prd-ifapigw-01 systemd: Stopped Dump dmesg to /var/log/dmesg."
  },
  {
    "id": 34,
    "log": "Dec 20 05:02:37 prd-ifapigw-01 systemd: Stopping Dump dmesg to /var/log/dmesg..."
  },
  {
    "id": 35,
    "log": "Dec 20 05:02:37 prd-ifapigw-01 systemd: Stopped target Cloud-init target."
  },
  {
    "id": 36,
    "log": "Dec 20 05:02:37 prd-ifapigw-01 systemd: Stopping Cloud-init target."
  },
  {
    "id": 37,
    "log": "Dec 20 05:02:37 prd-ifapigw-01 systemd: Stopped target rpc_pipefs.target."
  },
  {
    "id": 38,
    "log": "Dec 20 05:02:37 prd-ifapigw-01 systemd: Stopping rpc_pipefs.target."
  },
  {
    "id": 39,
    "log": "Dec 20 05:02:37 prd-ifapigw-01 kernel: device eth0 left promiscuous mode"
  },
  {
    "id": 40,
    "log": "Dec 20 05:02:37 prd-ifapigw-01 process-agent: 2024-12-20 05:02:37 KST | PROCESS | INFO | (pkg/process/util/signal_nowindows.go:27 in HandleSignals) | Caught signal 'terminated'; terminating."
  },
  {
    "id": 41,
    "log": "Dec 20 05:02:37 prd-ifapigw-01 systemd: Stopping Session 882796 of user ec2-user."
  },
  {
    "id": 42,
    "log": "Dec 20 05:02:37 prd-ifapigw-01 systemd: Removed slice system-selinux\\x2dpolicy\\x2dmigrate\\x2dlocal\\x2dchanges.slice."
  },
  {
    "id": 43,
    "log": "Dec 20 05:02:37 prd-ifapigw-01 systemd: Stopping system-selinux\\x2dpolicy\\x2dmigrate\\x2dlocal\\x2dchanges.slice."
  },
  {
    "id": 44,
    "log": "Dec 20 05:02:37 prd-ifapigw-01 systemd: Stopped Execute cloud user/final scripts."
  },
  {
    "id": 45,
    "log": "Dec 20 05:02:37 prd-ifapigw-01 systemd: Stopping Execute cloud user/final scripts..."
  },
  {
    "id": 46,
    "log": "Dec 20 05:02:37 prd-ifapigw-01 systemd: Removed slice system-ec2net\\x2difup.slice."
  },
  {
    "id": 47,
    "log": "Dec 20 05:02:37 prd-ifapigw-01 systemd: Stopping system-ec2net\\x2difup.slice."
  },
  {
    "id": 48,
    "log": "Dec 20 05:02:37 prd-ifapigw-01 systemd: Unmounting RPC Pipe File System..."
  },
  {
    "id": 49,
    "log": "Dec 20 05:02:37 prd-ifapigw-01 process-agent: 2024-12-20 05:02:37 KST | PROCESS | INFO | (pkg/forwarder/forwarder.go:362 in Stop) | stopping the Forwarder"
  },
  {
    "id": 50,
    "log": "Dec 20 05:02:37 prd-ifapigw-01 systemd: Stopping DeepSecurity ds_nuagent service..."
  },
  {
    "id": 51,
    "log": "Dec 20 05:02:37 prd-ifapigw-01 chronyd[2104]: chronyd exiting"
  },
  {
    "id": 52,
    "log": "Dec 20 05:02:37 prd-ifapigw-01 trace-agent: 2024-12-20 05:02:37 KST | TRACE | INFO | (main.go:23 in handleSignal) | received signal 15 (terminated)"
  },
  {
    "id": 53,
    "log": "Dec 20 05:02:37 prd-ifapigw-01 tyk: 2024/12/20 05:02:37 terminated"
  },
  {
    "id": 54,
    "log": "Dec 20 05:02:37 prd-ifapigw-01 tyk: time=\"Dec 20 05:02:37\" level=info msg=\"Stop signal received.\" prefix=main"
  },
  {
    "id": 55,
    "log": "Dec 20 05:02:37 prd-ifapigw-01 tyk: time=\"Dec 20 05:02:37\" level=info msg=\"Stopping heartbeat...\" prefix=main"
  },
  {
    "id": 56,
    "log": "Dec 20 05:02:37 prd-ifapigw-01 systemd: Stopped target Multi-User System."
  },
  {
    "id": 57,
    "log": "Dec 20 05:02:37 prd-ifapigw-01 process-agent: 2024-12-20 05:02:37 KST | PROCESS | INFO | (pkg/forwarder/domain_forwarder.go:236 in Stop) | domainForwarder stopped"
  },
  {
    "id": 58,
    "log": "Dec 20 05:02:37 prd-ifapigw-01 process-agent: 2024-12-20 05:02:37 KST | PROCESS | INFO | (pkg/forwarder/forwarder.go:362 in Stop) | stopping the Forwarder"
  },
  {
    "id": 59,
    "log": "Dec 20 05:02:37 prd-ifapigw-01 process-agent: 2024-12-20 05:02:37 KST | PROCESS | INFO | (pkg/forwarder/domain_forwarder.go:236 in Stop) | domainForwarder stopped"
  },
  {
    "id": 60,
    "log": "Dec 20 05:02:37 prd-ifapigw-01 process-agent: 2024-12-20 05:02:37 KST | PROCESS | INFO | (pkg/forwarder/forwarder.go:362 in Stop) | stopping the Forwarder"
  },
  {
    "id": 61,
    "log": "Dec 20 05:02:37 prd-ifapigw-01 process-agent: 2024-12-20 05:02:37 KST | PROCESS | INFO | (pkg/forwarder/domain_forwarder.go:236 in Stop) | domainForwarder stopped"
  },
  {
    "id": 62,
    "log": "Dec 20 05:02:37 prd-ifapigw-01 process-agent: 2024-12-20 05:02:37 KST | PROCESS | INFO | (pkg/forwarder/forwarder.go:362 in Stop) | stopping the Forwarder"
  },
  {
    "id": 63,
    "log": "Dec 20 05:02:37 prd-ifapigw-01 process-agent: 2024-12-20 05:02:37 KST | PROCESS | INFO | (pkg/forwarder/domain_forwarder.go:236 in Stop) | domainForwarder stopped"
  },
  {
    "id": 64,
    "log": "Dec 20 05:02:37 prd-ifapigw-01 systemd: Stopping Multi-User System."
  },
  {
    "id": 65,
    "log": "Dec 20 05:02:37 prd-ifapigw-01 amazon-ssm-agent: 2024-12-20 05:02:37 INFO Got signal:terminated value:0xbaff30"
  },
  {
    "id": 66,
    "log": "Dec 20 05:02:37 prd-ifapigw-01 amazon-ssm-agent: 2024-12-20 05:02:37 INFO Stopping agent"
  },
  {
    "id": 67,
    "log": "Dec 20 05:02:37 prd-ifapigw-01 systemd: Stopping libstoragemgmt plug-in server daemon..."
  },
  {
    "id": 68,
    "log": "Dec 20 05:02:37 prd-ifapigw-01 systemd: Stopped Resets System Activity Logs."
  },
  {
    "id": 69,
    "log": "Dec 20 05:02:37 prd-ifapigw-01 systemd: Stopping Resets System Activity Logs..."
  },
  {
    "id": 70,
    "log": "Dec 20 05:02:37 prd-ifapigw-01 systemd: Stopping OpenSSH server daemon..."
  },
  {
    "id": 71,
    "log": "Dec 20 05:02:37 prd-ifapigw-01 systemd: Stopped target Login Prompts."
  },
  {
    "id": 72,
    "log": "Dec 20 05:02:37 prd-ifapigw-01 systemd: Stopping Login Prompts."
  },
  {
    "id": 73,
    "log": "Dec 20 05:02:37 prd-ifapigw-01 trace-agent: 2024-12-20 05:02:37 KST | TRACE | INFO | (run.go:251 in Info) | Exiting..."
  },
  {
    "id": 74,
    "log": "Dec 20 05:02:37 prd-ifapigw-01 systemd: Stopping Serial Getty on ttyS0..."
  },
  {
    "id": 75,
    "log": "Dec 20 05:02:37 prd-ifapigw-01 systemd: Stopping LSB: Trend Micro Deep Security Agent..."
  },
  {
    "id": 76,
    "log": "Dec 20 05:02:37 prd-ifapigw-01 systemd: Stopping amazon-ssm-agent..."
  },
  {
    "id": 77,
    "log": "Dec 20 05:02:37 prd-ifapigw-01 systemd: Stopping System Logging Service..."
  },
  {
    "id": 78,
    "log": "Dec 20 05:02:37 prd-ifapigw-01 systemd: Stopping D-Bus System Message Bus..."
  },
  {
    "id": 79,
    "log": "Dec 20 05:02:37 prd-ifapigw-01 systemd: Stopping ACPI Event Daemon..."
  },
  {
    "id": 80,
    "log": "Dec 20 05:02:37 prd-ifapigw-01 systemd: Stopping Job spooling tools..."
  },
  {
    "id": 81,
    "log": "Dec 20 05:02:37 prd-ifapigw-01 systemd: Stopping Tyk API Gateway..."
  },
  {
    "id": 82,
    "log": "Dec 20 05:02:37 prd-ifapigw-01 systemd: Stopping NTP client/server..."
  },
  {
    "id": 83,
    "log": "Dec 20 05:02:37 prd-ifapigw-01 systemd: Stopped Dynamically Generate Message Of The Day."
  },
  {
    "id": 84,
    "log": "Dec 20 05:02:37 prd-ifapigw-01 systemd: Stopping Dynamically Generate Message Of The Day..."
  },
  {
    "id": 85,
    "log": "Dec 20 05:02:37 prd-ifapigw-01 systemd: Stopping awslogs daemon..."
  },
  {
    "id": 86,
    "log": "Dec 20 05:02:37 prd-ifapigw-01 systemd: Stopping Getty on tty1..."
  },
  {
    "id": 87,
    "log": "Dec 20 05:02:37 prd-ifapigw-01 systemd: Stopping irqbalance daemon..."
  },
  {
    "id": 88,
    "log": "Dec 20 05:02:37 prd-ifapigw-01 systemd: Unmounting /usr_home..."
  },
  {
    "id": 89,
    "log": "Dec 20 05:02:37 prd-ifapigw-01 systemd: Stopped target Timers."
  },
  {
    "id": 90,
    "log": "Dec 20 05:02:37 prd-ifapigw-01 systemd: Stopping Timers."
  },
  {
    "id": 91,
    "log": "Dec 20 05:02:37 prd-ifapigw-01 systemd: Stopping Command Scheduler..."
  },
  {
    "id": 92,
    "log": "Dec 20 05:02:37 prd-ifapigw-01 systemd: Unmounting /app..."
  },
  {
    "id": 93,
    "log": "Dec 20 05:02:37 prd-ifapigw-01 systemd: Stopped Daily Cleanup of Temporary Directories."
  },
  {
    "id": 94,
    "log": "Dec 20 05:02:37 prd-ifapigw-01 systemd: Stopping Daily Cleanup of Temporary Directories."
  },
  {
    "id": 95,
    "log": "Dec 20 05:02:37 prd-ifapigw-01 systemd: Stopping Hardware RNG Entropy Gatherer Daemon..."
  },
  {
    "id": 96,
    "log": "Dec 20 05:02:37 prd-ifapigw-01 systemd: Stopped Apply the settings specified in cloud-config."
  },
  {
    "id": 97,
    "log": "Dec 20 05:02:37 prd-ifapigw-01 systemd: Stopping Apply the settings specified in cloud-config..."
  },
  {
    "id": 98,
    "log": "Dec 20 05:02:37 prd-ifapigw-01 systemd: Stopped target Cloud-config availability."
  },
  {
    "id": 99,
    "log": "Dec 20 05:02:37 prd-ifapigw-01 systemd: Stopping Cloud-config availability."
  },
  {
    "id": 100,
    "log": "Dec 20 05:02:37 prd-ifapigw-01 systemd: Stopping Amazon CloudWatch Agent..."
  },
  {
    "id": 101,
    "log": "Dec 20 05:02:37 prd-ifapigw-01 systemd: Stopped irqbalance daemon."
  },
  {
    "id": 102,
    "log": "Dec 20 05:02:37 prd-ifapigw-01 systemd: Stopped libstoragemgmt plug-in server daemon."
  },
  {
    "id": 103,
    "log": "Dec 20 05:02:37 prd-ifapigw-01 systemd: Stopped Hardware RNG Entropy Gatherer Daemon."
  },
  {
    "id": 104,
    "log": "Dec 20 05:02:37 prd-ifapigw-01 systemd: Stopped OpenSSH server daemon."
  },
  {
    "id": 105,
    "log": "Dec 20 05:02:37 prd-ifapigw-01 systemd: Stopped Job spooling tools."
  },
  {
    "id": 106,
    "log": "Dec 20 05:02:37 prd-ifapigw-01 systemd: Stopped Serial Getty on ttyS0."
  },
  {
    "id": 107,
    "log": "Dec 20 05:02:37 prd-ifapigw-01 systemd: Failed to propagate agent release message: Transport endpoint is not connected"
  },
  {
    "id": 108,
    "log": "Dec 20 05:02:37 prd-ifapigw-01 systemd: Stopped NTP client/server."
  },
  {
    "id": 109,
    "log": "Dec 20 05:02:37 prd-ifapigw-01 systemd: Failed to propagate agent release message: Transport endpoint is not connected"
  },
  {
    "id": 110,
    "log": "Dec 20 05:02:37 prd-ifapigw-01 trace-agent: 2024-12-20 05:02:37 KST | TRACE | WARN | (pkg/tagger/remote/tagger.go:251 in run) | error received from remote tagger: rpc error: code = Canceled desc = context canceled"
  },
  {
    "id": 111,
    "log": "Dec 20 05:02:37 prd-ifapigw-01 trace-agent: 2024-12-20 05:02:37 KST | TRACE | INFO | (run.go:251 in Info) | Exiting concentrator, computing remaining stats"
  },
  {
    "id": 112,
    "log": "Dec 20 05:02:37 prd-ifapigw-01 systemd: Failed to propagate agent release message: Transport endpoint is not connected"
  },
  {
    "id": 113,
    "log": "Dec 20 05:02:37 prd-ifapigw-01 systemd: Removed slice system-serial\\x2dgetty.slice."
  },
  {
    "id": 114,
    "log": "Dec 20 05:02:37 prd-ifapigw-01 systemd: Stopping system-serial\\x2dgetty.slice."
  },
  {
    "id": 115,
    "log": "Dec 20 05:02:37 prd-ifapigw-01 systemd: Stopped D-Bus System Message Bus."
  },
  {
    "id": 116,
    "log": "Dec 20 05:02:37 prd-ifapigw-01 trace-agent: 2024-12-20 05:02:37 KST | TRACE | INFO | (pkg/tagger/remote/tagger.go:134 in Stop) | remote tagger stopped successfully"
  },
  {
    "id": 117,
    "log": "Dec 20 05:02:37 prd-ifapigw-01 systemd: Stopped Getty on tty1."
  },
  {
    "id": 118,
    "log": "Dec 20 05:02:37 prd-ifapigw-01 systemd: Stopped Command Scheduler."
  },
  {
    "id": 119,
    "log": "Dec 20 05:02:37 prd-ifapigw-01 systemd: Stopped Datadog Process Agent."
  },
  {
    "id": 120,
    "log": "Dec 20 05:02:37 prd-ifapigw-01 systemd: Stopped Datadog Trace Agent (APM)."
  },
  {
    "id": 121,
    "log": "Dec 20 05:02:37 prd-ifapigw-01 systemd: Stopped awslogs daemon."
  },
  {
    "id": 122,
    "log": "Dec 20 05:02:37 prd-ifapigw-01 systemd: Unmounted /app_log."
  },
  {
    "id": 123,
    "log": "Dec 20 05:02:37 prd-ifapigw-01 systemd: Unmounted RPC Pipe File System."
  },
  {
    "id": 124,
    "log": "Dec 20 05:02:37 prd-ifapigw-01 systemd: Unmounted /usr_home."
  },
  {
    "id": 125,
    "log": "Dec 20 05:02:37 prd-ifapigw-01 systemd: Stopping Datadog Agent..."
  },
  {
    "id": 126,
    "log": "Dec 20 05:02:37 prd-ifapigw-01 systemd: Starting Show Plymouth Power Off Screen..."
  },
  {
    "id": 127,
    "log": "Dec 20 05:02:37 prd-ifapigw-01 systemd: Removed slice system-getty.slice."
  },
  {
    "id": 128,
    "log": "Dec 20 05:02:37 prd-ifapigw-01 systemd: Stopping system-getty.slice."
  },
  {
    "id": 129,
    "log": "Dec 20 05:02:37 prd-ifapigw-01 rsyslogd: [origin software=\"rsyslogd\" swVersion=\"8.24.0\" x-pid=\"2796\" x-info=\"http://www.rsyslog.com\"] exiting on signal 15."
  },
  {
    "id": 130,
    "log": "Dec 20 05:02:37 prd-ifapigw-01 agent: 2024-12-20 05:02:37 KST | CORE | INFO | (cmd/agent/app/run.go:140 in func2) | Received signal 'terminated', shutting down..."
  },
  {
    "id": 131,
    "log": "Dec 20 05:02:37 prd-ifapigw-01 systemd: Stopped amazon-ssm-agent."
  },
  {
    "id": 132,
    "log": "Dec 20 05:02:37 prd-ifapigw-01 systemd: Stopped System Logging Service."
  },
  {
    "id": 133,
    "log": "Dec 20 05:02:37 prd-ifapigw-01 agent: 2024-12-20 05:02:37 KST | CORE | INFO | (pkg/collector/runner/runner.go:175 in Stop) | Runner 1 is shutting down..."
  },
  {
    "id": 134,
    "log": "Dec 20 05:02:37 prd-ifapigw-01 agent: 2024-12-20 05:02:37 KST | CORE | INFO | (pkg/collector/python/subprocesses.go:49 in TerminateRunningProcesses) | Canceling all running python subprocesses"
  },
  {
    "id": 135,
    "log": "Dec 20 05:02:37 prd-ifapigw-01 agent: 2024-12-20 05:02:37 KST | CORE | INFO | (pkg/collector/runner/runner.go:209 in Stop) | Runner 1 shut down"
  },
  {
    "id": 136,
    "log": "Dec 20 05:02:37 prd-ifapigw-01 systemd: Unmounted /app."
  },
  {
    "id": 137,
    "log": "Dec 20 05:02:37 prd-ifapigw-01 agent: 2024-12-20 05:02:37 KST | CORE | INFO | (pkg/aggregator/aggregator.go:740 in run) | Stopping aggregator"
  },
  {
    "id": 138,
    "log": "Dec 20 05:02:37 prd-ifapigw-01 acpid: exiting"
  },
  {
    "id": 139,
    "log": "Dec 20 05:02:37 prd-ifapigw-01 systemd: Stopped ACPI Event Daemon."
  },
  {
    "id": 140,
    "log": "Dec 20 05:02:37 prd-ifapigw-01 systemd: Received SIGRTMIN+20 from PID 26183 (plymouthd)."
  },
  {
    "id": 141,
    "log": "Dec 20 05:02:37 prd-ifapigw-01 systemd: Started Show Plymouth Power Off Screen."
  },
  {
    "id": 142,
    "log": "Dec 20 05:02:37 prd-ifapigw-01 agent: 2024-12-20 05:02:37 KST | CORE | INFO | (pkg/forwarder/forwarder.go:362 in Stop) | stopping the Forwarder"
  },
  {
    "id": 143,
    "log": "Dec 20 05:02:37 prd-ifapigw-01 systemd: Stopped DeepSecurity ds_nuagent service."
  },
  {
    "id": 144,
    "log": "Dec 20 05:02:38 prd-ifapigw-01 systemd: Stopped Amazon CloudWatch Agent."
  },
  {
    "id": 145,
    "log": "Dec 20 05:02:38 prd-ifapigw-01 agent: 2024-12-20 05:02:38 KST | CORE | INFO | (pkg/forwarder/domain_forwarder.go:236 in Stop) | domainForwarder stopped"
  },
  {
    "id": 146,
    "log": "Dec 20 05:02:38 prd-ifapigw-01 agent: 2024-12-20 05:02:38 KST | CORE | INFO | (pkg/logs/logs.go:149 in Stop) | Stopping logs-agent"
  },
  {
    "id": 147,
    "log": "Dec 20 05:02:38 prd-ifapigw-01 agent: 2024-12-20 05:02:38 KST | CORE | INFO | (pkg/logs/internal/launchers/container/launcher.go:171 in stop) | Stopping container launcher - stopping 0 tailers"
  },
  {
    "id": 148,
    "log": "Dec 20 05:02:38 prd-ifapigw-01 agent: 2024-12-20 05:02:38 KST | CORE | INFO | (pkg/logs/internal/launchers/container/launcher.go:173 in stop) | Stopping container launcher"
  },
  {
    "id": 149,
    "log": "Dec 20 05:02:38 prd-ifapigw-01 agent: 2024-12-20 05:02:38 KST | CORE | INFO | (pkg/logs/internal/tailers/file/tailer.go:231 in func1) | Closed /var/log/messages for tailer key /var/log/messages read 6154869 bytes and 64255 lines"
  },
  {
    "id": 150,
    "log": "Dec 20 05:02:38 prd-ifapigw-01 tyk: time=\"Dec 20 05:02:38\" level=info msg=\"Stopped Heartbeat\" prefix=dashboard"
  },
  {
    "id": 151,
    "log": "Dec 20 05:02:39 prd-ifapigw-01 systemd-logind: Failed to abandon session scope: Transport endpoint is not connected"
  },
  {
    "id": 152,
    "log": "Dec 20 05:02:39 prd-ifapigw-01 systemd: Stopped Session 882796 of user ec2-user."
  },
  {
    "id": 153,
    "log": "Dec 20 05:02:39 prd-ifapigw-01 systemd: Removed slice User Slice of ec2-user."
  },
  {
    "id": 154,
    "log": "Dec 20 05:02:39 prd-ifapigw-01 systemd: Stopping User Slice of ec2-user."
  },
  {
    "id": 155,
    "log": "Dec 20 05:02:39 prd-ifapigw-01 systemd: Stopping Login Service..."
  },
  {
    "id": 156,
    "log": "Dec 20 05:02:39 prd-ifapigw-01 systemd: Stopping Permit User Sessions..."
  },
  {
    "id": 157,
    "log": "Dec 20 05:02:39 prd-ifapigw-01 systemd: Stopped Login Service."
  },
  {
    "id": 158,
    "log": "Dec 20 05:02:39 prd-ifapigw-01 systemd: Stopped Permit User Sessions."
  },
  {
    "id": 159,
    "log": "Dec 20 05:02:39 prd-ifapigw-01 systemd: Stopped target Remote File Systems."
  },
  {
    "id": 160,
    "log": "Dec 20 05:02:39 prd-ifapigw-01 systemd: Stopping Remote File Systems."
  },
  {
    "id": 161,
    "log": "Dec 20 05:02:39 prd-ifapigw-01 systemd: Stopped target Remote File Systems (Pre)."
  },
  {
    "id": 162,
    "log": "Dec 20 05:02:39 prd-ifapigw-01 systemd: Stopping Remote File Systems (Pre)."
  },
  {
    "id": 163,
    "log": "Dec 20 05:02:39 prd-ifapigw-01 systemd: Stopped target NFS client services."
  },
  {
    "id": 164,
    "log": "Dec 20 05:02:39 prd-ifapigw-01 systemd: Stopping NFS client services."
  },
  {
    "id": 165,
    "log": "Dec 20 05:02:39 prd-ifapigw-01 systemd: Stopping GSSAPI Proxy Daemon..."
  },
  {
    "id": 166,
    "log": "Dec 20 05:02:39 prd-ifapigw-01 tyk: time=\"Dec 20 05:02:39\" level=info msg=De-registered. prefix=dashboard"
  },
  {
    "id": 167,
    "log": "Dec 20 05:02:39 prd-ifapigw-01 tyk: time=\"Dec 20 05:02:39\" level=info msg=Terminating. prefix=main"
  },
  {
    "id": 168,
    "log": "Dec 20 05:02:39 prd-ifapigw-01 systemd: Stopped GSSAPI Proxy Daemon."
  },
  {
    "id": 169,
    "log": "Dec 20 05:02:39 prd-ifapigw-01 agent: 2024-12-20 05:02:39 KST | CORE | INFO | (pkg/logs/internal/tailers/file/tailer.go:231 in func1) | Closed /var/log/healthCheck.log for tailer key /var/log/healthCheck.log read 327240 bytes and 14544 lines"
  },
  {
    "id": 170,
    "log": "Dec 20 05:02:39 prd-ifapigw-01 agent: 2024-12-20 05:02:39 KST | CORE | INFO | (pkg/logs/logs.go:158 in Stop) | logs-agent stopped"
  },
  {
    "id": 171,
    "log": "Dec 20 05:02:39 prd-ifapigw-01 agent: 2024-12-20 05:02:39 KST | CORE | INFO | (cmd/agent/app/run.go:535 in StopAgent) | See ya!"
  },
  {
    "id": 172,
    "log": "Dec 20 05:02:39 prd-ifapigw-01 agent: 2024-12-20 05:02:39 KST | CORE | INFO | (pkg/workloadmeta/store.go:145 in func2) | stopped workloadmeta store"
  },
  {
    "id": 173,
    "log": "Dec 20 05:02:39 prd-ifapigw-01 systemd: Stopped Datadog Agent."
  },
  {
    "id": 174,
    "log": "Dec 20 05:02:40 prd-ifapigw-01 tyk: time=\"Dec 20 05:02:40\" level=info msg=\"[HOST CHECKER] Checker stopped\""
  },
  {
    "id": 175,
    "log": "Dec 20 05:02:40 prd-ifapigw-01 systemd: Stopped Tyk API Gateway."
  },
  {
    "id": 176,
    "log": "Dec 20 05:02:40 prd-ifapigw-01 ds_agent: Stopping ds_agent: [  OK  ]"
  },
  {
    "id": 177,
    "log": "Dec 20 05:02:40 prd-ifapigw-01 ds_agent: Unloading dsa_filter module..."
  },
  {
    "id": 178,
    "log": "Dec 20 05:02:40 prd-ifapigw-01 kernel: dsa: filter unloaded OK"
  },
  {
    "id": 179,
    "log": "Dec 20 05:02:40 prd-ifapigw-01 ds_agent: Unloading dsa_filter_hook module..."
  },
  {
    "id": 180,
    "log": "Dec 20 05:02:40 prd-ifapigw-01 systemd: Stopped LSB: Trend Micro Deep Security Agent."
  },
  {
    "id": 181,
    "log": "Dec 20 05:02:40 prd-ifapigw-01 systemd: Stopped target Network is Online."
  },
  {
    "id": 182,
    "log": "Dec 20 05:02:40 prd-ifapigw-01 systemd: Stopping Network is Online."
  },
  {
    "id": 183,
    "log": "Dec 20 05:02:40 prd-ifapigw-01 systemd: Stopped target Network."
  },
  {
    "id": 184,
    "log": "Dec 20 05:02:40 prd-ifapigw-01 systemd: Stopping Network."
  },
  {
    "id": 185,
    "log": "Dec 20 05:02:40 prd-ifapigw-01 systemd: Stopping LSB: Bring up/down networking..."
  },
  {
    "id": 186,
    "log": "Dec 20 05:02:40 prd-ifapigw-01 ec2net: [remove_aliases] Removing aliases of eth0"
  },
  {
    "id": 187,
    "log": "Dec 20 05:02:40 prd-ifapigw-01 network: Shutting down interface eth0:  [  OK  ]"
  },
  {
    "id": 188,
    "log": "Dec 20 05:02:40 prd-ifapigw-01 network: Shutting down loopback interface:  [  OK  ]"
  },
  {
    "id": 189,
    "log": "Dec 20 05:02:40 prd-ifapigw-01 systemd: Stopped LSB: Bring up/down networking."
  },
  {
    "id": 190,
    "log": "Dec 20 05:02:40 prd-ifapigw-01 systemd: Stopped target Network (Pre)."
  },
  {
    "id": 191,
    "log": "Dec 20 05:02:40 prd-ifapigw-01 systemd: Stopping Network (Pre)."
  },
  {
    "id": 192,
    "log": "Dec 20 05:02:40 prd-ifapigw-01 systemd: Stopped Initial cloud-init job (pre-networking)."
  },
  {
    "id": 193,
    "log": "Dec 20 05:02:40 prd-ifapigw-01 systemd: Stopping Initial cloud-init job (pre-networking)..."
  },
  {
    "id": 194,
    "log": "Dec 20 05:02:40 prd-ifapigw-01 systemd: Stopped target Basic System."
  },
  {
    "id": 195,
    "log": "Dec 20 05:02:40 prd-ifapigw-01 systemd: Stopping Basic System."
  },
  {
    "id": 196,
    "log": "Dec 20 05:02:40 prd-ifapigw-01 systemd: Stopped Forward Password Requests to Plymouth Directory Watch."
  },
  {
    "id": 197,
    "log": "Dec 20 05:02:40 prd-ifapigw-01 systemd: Stopping Forward Password Requests to Plymouth Directory Watch."
  },
  {
    "id": 198,
    "log": "Dec 20 05:02:40 prd-ifapigw-01 systemd: Stopped target Paths."
  },
  {
    "id": 199,
    "log": "Dec 20 05:02:40 prd-ifapigw-01 systemd: Stopping Paths."
  },
  {
    "id": 200,
    "log": "Dec 20 05:02:40 prd-ifapigw-01 systemd: Stopped Forward Password Requests to Wall Directory Watch."
  },
  {
    "id": 201,
    "log": "Dec 20 05:02:40 prd-ifapigw-01 systemd: Stopping Forward Password Requests to Wall Directory Watch."
  },
  {
    "id": 202,
    "log": "Dec 20 05:02:40 prd-ifapigw-01 systemd: Stopped Flexible branding."
  },
  {
    "id": 203,
    "log": "Dec 20 05:02:40 prd-ifapigw-01 systemd: Stopping Flexible branding."
  },
  {
    "id": 204,
    "log": "Dec 20 05:02:40 prd-ifapigw-01 systemd: Stopped target Sockets."
  },
  {
    "id": 205,
    "log": "Dec 20 05:02:40 prd-ifapigw-01 systemd: Stopping Sockets."
  },
  {
    "id": 206,
    "log": "Dec 20 05:02:40 prd-ifapigw-01 systemd: Closed D-Bus System Message Bus Socket."
  },
  {
    "id": 207,
    "log": "Dec 20 05:02:40 prd-ifapigw-01 systemd: Stopping D-Bus System Message Bus Socket."
  },
  {
    "id": 208,
    "log": "Dec 20 05:02:40 prd-ifapigw-01 systemd: Closed RPCbind Server Activation Socket."
  },
  {
    "id": 209,
    "log": "Dec 20 05:02:40 prd-ifapigw-01 systemd: Stopping RPCbind Server Activation Socket."
  },
  {
    "id": 210,
    "log": "Dec 20 05:02:40 prd-ifapigw-01 systemd: Stopped target System Initialization."
  },
  {
    "id": 211,
    "log": "Dec 20 05:02:40 prd-ifapigw-01 systemd: Stopping System Initialization."
  },
  {
    "id": 212,
    "log": "Dec 20 05:02:40 prd-ifapigw-01 systemd: Stopping Load/Save Random Seed..."
  },
  {
    "id": 213,
    "log": "Dec 20 05:02:40 prd-ifapigw-01 systemd: Stopped target Local Encrypted Volumes."
  },
  {
    "id": 214,
    "log": "Dec 20 05:02:40 prd-ifapigw-01 systemd: Stopping Local Encrypted Volumes."
  },
  {
    "id": 215,
    "log": "Dec 20 05:02:40 prd-ifapigw-01 systemd: Stopped Apply Kernel Variables."
  },
  {
    "id": 216,
    "log": "Dec 20 05:02:40 prd-ifapigw-01 systemd: Stopping Apply Kernel Variables..."
  },
  {
    "id": 217,
    "log": "Dec 20 05:02:40 prd-ifapigw-01 systemd: Stopped Load Kernel Modules."
  },
  {
    "id": 218,
    "log": "Dec 20 05:02:40 prd-ifapigw-01 systemd: Stopping Load Kernel Modules..."
  },
  {
    "id": 219,
    "log": "Dec 20 05:02:40 prd-ifapigw-01 systemd: Stopped Setup Virtual Console."
  },
  {
    "id": 220,
    "log": "Dec 20 05:02:40 prd-ifapigw-01 systemd: Stopping Setup Virtual Console..."
  },
  {
    "id": 221,
    "log": "Dec 20 05:02:40 prd-ifapigw-01 systemd: Stopping Update UTMP about System Boot/Shutdown..."
  },
  {
    "id": 222,
    "log": "Dec 20 05:02:40 prd-ifapigw-01 systemd: Stopped target Slices."
  },
  {
    "id": 223,
    "log": "Dec 20 05:02:40 prd-ifapigw-01 systemd: Stopping Slices."
  },
  {
    "id": 224,
    "log": "Dec 20 05:02:40 prd-ifapigw-01 systemd: Removed slice User and Session Slice."
  },
  {
    "id": 225,
    "log": "Dec 20 05:02:40 prd-ifapigw-01 systemd: Stopping User and Session Slice."
  },
  {
    "id": 226,
    "log": "Dec 20 05:02:40 prd-ifapigw-01 systemd: Stopped Load/Save Random Seed."
  },
  {
    "id": 227,
    "log": "Dec 20 05:02:40 prd-ifapigw-01 systemd: Stopped Update UTMP about System Boot/Shutdown."
  },
  {
    "id": 228,
    "log": "Dec 20 05:02:40 prd-ifapigw-01 systemd: Stopping Security Auditing Service..."
  },
  {
    "id": 229,
    "log": "Dec 20 05:02:40 prd-ifapigw-01 auditd[2021]: The audit daemon is exiting."
  },
  {
    "id": 230,
    "log": "Dec 20 05:02:40 prd-ifapigw-01 systemd: Stopped Security Auditing Service."
  },
  {
    "id": 231,
    "log": "Dec 20 05:02:40 prd-ifapigw-01 kernel: audit: type=1305 audit(1734638560.957:6221108): audit_pid=0 old=2021 auid=4294967295 ses=4294967295 res=1"
  },
  {
    "id": 232,
    "log": "Dec 20 05:02:41 prd-ifapigw-01 systemd: Stopped Create Volatile Files and Directories."
  },
  {
    "id": 233,
    "log": "Dec 20 05:02:41 prd-ifapigw-01 kernel: audit: type=1130 audit(1734638560.969:6221109): pid=1 uid=0 auid=4294967295 ses=4294967295 msg='unit=auditd comm=\"systemd\" exe=\"/usr/lib/systemd/systemd\" hostname=? addr=? terminal=? res=success'"
  },
  {
    "id": 234,
    "log": "Dec 20 05:02:41 prd-ifapigw-01 kernel: audit: type=1131 audit(1734638560.969:6221110): pid=1 uid=0 auid=4294967295 ses=4294967295 msg='unit=auditd comm=\"systemd\" exe=\"/usr/lib/systemd/systemd\" hostname=? addr=? terminal=? res=success'"
  },
  {
    "id": 235,
    "log": "Dec 20 05:02:41 prd-ifapigw-01 systemd: Stopping Create Volatile Files and Directories..."
  },
  {
    "id": 236,
    "log": "Dec 20 05:02:41 prd-ifapigw-01 systemd: Stopped target Local File Systems."
  },
  {
    "id": 237,
    "log": "Dec 20 05:02:41 prd-ifapigw-01 kernel: audit: type=1130 audit(1734638560.997:6221111): pid=1 uid=0 auid=4294967295 ses=4294967295 msg='unit=systemd-tmpfiles-setup comm=\"systemd\" exe=\"/usr/lib/systemd/systemd\" hostname=? addr=? terminal=? res=success'"
  },
  {
    "id": 238,
    "log": "Dec 20 05:02:41 prd-ifapigw-01 kernel: audit: type=1131 audit(1734638560.997:6221112): pid=1 uid=0 auid=4294967295 ses=4294967295 msg='unit=systemd-tmpfiles-setup comm=\"systemd\" exe=\"/usr/lib/systemd/systemd\" hostname=? addr=? terminal=? res=success'"
  },
  {
    "id": 239,
    "log": "Dec 20 05:02:41 prd-ifapigw-01 systemd: Stopping Local File Systems."
  },
  {
    "id": 240,
    "log": "Dec 20 05:02:41 prd-ifapigw-01 systemd: Stopped Configure read-only root support."
  },
  {
    "id": 241,
    "log": "Dec 20 05:02:41 prd-ifapigw-01 systemd: Stopping Configure read-only root support..."
  },
  {
    "id": 242,
    "log": "Dec 20 05:02:41 prd-ifapigw-01 systemd: Unmounting /sys/kernel/debug/tracing..."
  },
  {
    "id": 243,
    "log": "Dec 20 05:02:41 prd-ifapigw-01 kernel: audit: type=1130 audit(1734638561.033:6221113): pid=1 uid=0 auid=4294967295 ses=4294967295 msg='unit=rhel-readonly comm=\"systemd\" exe=\"/usr/lib/systemd/systemd\" hostname=? addr=? terminal=? res=success'"
  },
  {
    "id": 244,
    "log": "Dec 20 05:02:41 prd-ifapigw-01 kernel: audit: type=1131 audit(1734638561.033:6221114): pid=1 uid=0 auid=4294967295 ses=4294967295 msg='unit=rhel-readonly comm=\"systemd\" exe=\"/usr/lib/systemd/systemd\" hostname=? addr=? terminal=? res=success'"
  },
  {
    "id": 245,
    "log": "Dec 20 05:02:41 prd-ifapigw-01 systemd: Unmounting /run/user/1000..."
  },
  {
    "id": 246,
    "log": "Dec 20 05:02:41 prd-ifapigw-01 systemd: Unmounted /sys/kernel/debug/tracing."
  },
  {
    "id": 247,
    "log": "Dec 20 05:02:41 prd-ifapigw-01 systemd: Unmounted /run/user/1000."
  },
  {
    "id": 248,
    "log": "Dec 20 05:02:41 prd-ifapigw-01 systemd: Stopped target Local File Systems (Pre)."
  },
  {
    "id": 249,
    "log": "Dec 20 05:02:41 prd-ifapigw-01 systemd: Stopping Local File Systems (Pre)."
  },
  {
    "id": 250,
    "log": "Dec 20 05:02:41 prd-ifapigw-01 systemd: Stopped Create Static Device Nodes in /dev."
  },
  {
    "id": 251,
    "log": "Dec 20 05:02:41 prd-ifapigw-01 systemd: Stopping Create Static Device Nodes in /dev..."
  },
  {
    "id": 252,
    "log": "Dec 20 05:02:41 prd-ifapigw-01 systemd: Stopped Remount Root and Kernel File Systems."
  },
  {
    "id": 253,
    "log": "Dec 20 05:02:41 prd-ifapigw-01 systemd: Stopping Remount Root and Kernel File Systems..."
  },
  {
    "id": 254,
    "log": "Dec 20 05:02:41 prd-ifapigw-01 kernel: audit: type=1130 audit(1734638561.097:6221115): pid=1 uid=0 auid=4294967295 ses=4294967295 msg='unit=systemd-tmpfiles-setup-dev comm=\"systemd\" exe=\"/usr/lib/systemd/systemd\" hostname=? addr=? terminal=? res=success'"
  },
  {
    "id": 255,
    "log": "Dec 20 05:02:41 prd-ifapigw-01 kernel: audit: type=1131 audit(1734638561.097:6221116): pid=1 uid=0 auid=4294967295 ses=4294967295 msg='unit=systemd-tmpfiles-setup-dev comm=\"systemd\" exe=\"/usr/lib/systemd/systemd\" hostname=? addr=? terminal=? res=success'"
  },
  {
    "id": 256,
    "log": "Dec 20 05:02:41 prd-ifapigw-01 kernel: audit: type=1130 audit(1734638561.129:6221117): pid=1 uid=0 auid=4294967295 ses=4294967295 msg='unit=systemd-remount-fs comm=\"systemd\" exe=\"/usr/lib/systemd/systemd\" hostname=? addr=? terminal=? res=success'"
  },
  {
    "id": 257,
    "log": "Dec 20 05:02:41 prd-ifapigw-01 systemd: Reached target Shutdown."
  },
  {
    "id": 258,
    "log": "Dec 20 05:02:41 prd-ifapigw-01 systemd: Starting Shutdown."
  },
  {
    "id": 259,
    "log": "Dec 20 05:02:41 prd-ifapigw-01 systemd: Stopping Monitoring of LVM2 mirrors, snapshots etc. using dmeventd or progress polling..."
  },
  {
    "id": 260,
    "log": "Dec 20 05:02:41 prd-ifapigw-01 systemd: Stopped target Swap."
  },
  {
    "id": 261,
    "log": "Dec 20 05:02:41 prd-ifapigw-01 systemd: Stopping Swap."
  },
  {
    "id": 262,
    "log": "Dec 20 05:02:41 prd-ifapigw-01 systemd: Deactivating swap /dev/disk/by-uuid/4ecf11fb-24c8-4e98-afbc-78681272146b..."
  },
  {
    "id": 263,
    "log": "Dec 20 05:02:41 prd-ifapigw-01 systemd: Stopped Monitoring of LVM2 mirrors, snapshots etc. using dmeventd or progress polling."
  },
  {
    "id": 264,
    "log": "Dec 20 05:02:41 prd-ifapigw-01 systemd: Stopping LVM2 metadata daemon..."
  },
  {
    "id": 265,
    "log": "Dec 20 05:02:41 prd-ifapigw-01 systemd: Deactivated swap /dev/sdh."
  },
  {
    "id": 266,
    "log": "Dec 20 05:02:41 prd-ifapigw-01 systemd: Deactivated swap /dev/disk/by-path/pci-0000:00:1d.0-nvme-1."
  },
  {
    "id": 267,
    "log": "Dec 20 05:02:41 prd-ifapigw-01 systemd: Deactivated swap /dev/disk/by-id/nvme-nvme.1d0f-766f6c3030386633643135613564323432366261-416d617a6f6e20456c617374696320426c6f636b2053746f7265-00000001."
  },
  {
    "id": 268,
    "log": "Dec 20 05:02:41 prd-ifapigw-01 systemd: Deactivated swap /dev/disk/by-id/nvme-Amazon_Elastic_Block_Store_vol008f3d15a5d2426ba-ns-1."
  },
  {
    "id": 269,
    "log": "Dec 20 05:02:41 prd-ifapigw-01 systemd: Deactivated swap /dev/disk/by-id/nvme-Amazon_Elastic_Block_Store_vol008f3d15a5d2426ba."
  },
  {
    "id": 270,
    "log": "Dec 20 05:02:41 prd-ifapigw-01 systemd: Deactivated swap /dev/nvme2n1."
  },
  {
    "id": 271,
    "log": "Dec 20 05:02:41 prd-ifapigw-01 systemd: Deactivated swap /dev/disk/by-uuid/4ecf11fb-24c8-4e98-afbc-78681272146b."
  },
  {
    "id": 272,
    "log": "Dec 20 05:02:41 prd-ifapigw-01 systemd: Reached target Unmount All Filesystems."
  },
  {
    "id": 273,
    "log": "Dec 20 05:02:41 prd-ifapigw-01 systemd: Starting Unmount All Filesystems."
  },
  {
    "id": 274,
    "log": "Dec 20 05:02:41 prd-ifapigw-01 systemd: Reached target Final Step."
  },
  {
    "id": 275,
    "log": "Dec 20 05:02:41 prd-ifapigw-01 systemd: Starting Final Step."
  },
  {
    "id": 276,
    "log": "Dec 20 05:02:41 prd-ifapigw-01 systemd: Starting Power-Off..."
  },
  {
    "id": 277,
    "log": "Dec 20 05:02:41 prd-ifapigw-01 systemd: Shutting down."
  },
  {
    "id": 278,
    "log": "Dec 20 05:02:41 prd-ifapigw-01 systemd-shutdown[1]: Sending SIGTERM to remaining processes..."
  },
  {
    "id": 279,
    "log": "Dec 20 05:02:41 prd-ifapigw-01 journal: Journal stopped"
  },
  {
    "id": 280,
    "log": "Dec 20 09:08:23 prd-ifapigw-01 journal: Runtime journal is using 8.0M (max allowed 384.0M, trying to leave 576.0M free of 3.7G available â†’ current limit 384.0M)."
  },
  {
    "id": 281,
    "log": "Dec 20 09:08:23 prd-ifapigw-01 kernel: Linux version 4.14.104-95.84.amzn2.x86_64 (mockbuild@ip-10-0-1-219) (gcc version 7.3.1 20180303 (Red Hat 7.3.1-5) (GCC)) #1 SMP Sat Mar 2 00:40:20 UTC 2019"
  },
  {
    "id": 282,
    "log": "Dec 20 09:08:23 prd-ifapigw-01 kernel: Command line: BOOT_IMAGE=/boot/vmlinuz-4.14.104-95.84.amzn2.x86_64 root=UUID=8a9e0fcb-f415-4a3f-931d-919fadf8e22c ro console=tty0 console=ttyS0,115200n8 net.ifnames=0 biosdevname=0 nvme_core.io_timeout=4294967295 rd.emergency=poweroff rd.shell=0"
  },
  {
    "id": 283,
    "log": "Dec 20 09:08:23 prd-ifapigw-01 kernel: x86/fpu: Supporting XSAVE feature 0x001: 'x87 floating point registers'"
  },
  {
    "id": 284,
    "log": "Dec 20 09:08:23 prd-ifapigw-01 kernel: x86/fpu: Supporting XSAVE feature 0x002: 'SSE registers'"
  },
  {
    "id": 285,
    "log": "Dec 20 09:08:23 prd-ifapigw-01 kernel: x86/fpu: Supporting XSAVE feature 0x004: 'AVX registers'"
  },
  {
    "id": 286,
    "log": "Dec 20 09:08:23 prd-ifapigw-01 kernel: x86/fpu: Supporting XSAVE feature 0x008: 'MPX bounds registers'"
  },
  {
    "id": 287,
    "log": "Dec 20 09:08:23 prd-ifapigw-01 kernel: x86/fpu: Supporting XSAVE feature 0x010: 'MPX CSR'"
  },
  {
    "id": 288,
    "log": "Dec 20 09:08:23 prd-ifapigw-01 kernel: x86/fpu: Supporting XSAVE feature 0x020: 'AVX-512 opmask'"
  },
  {
    "id": 289,
    "log": "Dec 20 09:08:23 prd-ifapigw-01 kernel: x86/fpu: Supporting XSAVE feature 0x040: 'AVX-512 Hi256'"
  },
  {
    "id": 290,
    "log": "Dec 20 09:08:23 prd-ifapigw-01 kernel: x86/fpu: Supporting XSAVE feature 0x080: 'AVX-512 ZMM_Hi256'"
  },
  {
    "id": 291,
    "log": "Dec 20 09:08:23 prd-ifapigw-01 kernel: x86/fpu: Supporting XSAVE feature 0x200: 'Protection Keys User registers'"
  },
  {
    "id": 292,
    "log": "Dec 20 09:08:23 prd-ifapigw-01 kernel: x86/fpu: xstate_offset[2]:  576, xstate_sizes[2]:  256"
  },
  {
    "id": 293,
    "log": "Dec 20 09:08:23 prd-ifapigw-01 kernel: x86/fpu: xstate_offset[3]:  832, xstate_sizes[3]:   64"
  },
  {
    "id": 294,
    "log": "Dec 20 09:08:23 prd-ifapigw-01 kernel: x86/fpu: xstate_offset[4]:  896, xstate_sizes[4]:   64"
  },
  {
    "id": 295,
    "log": "Dec 20 09:08:23 prd-ifapigw-01 kernel: x86/fpu: xstate_offset[5]:  960, xstate_sizes[5]:   64"
  },
  {
    "id": 296,
    "log": "Dec 20 09:08:23 prd-ifapigw-01 kernel: x86/fpu: xstate_offset[6]: 1024, xstate_sizes[6]:  512"
  },
  {
    "id": 297,
    "log": "Dec 20 09:08:23 prd-ifapigw-01 kernel: x86/fpu: xstate_offset[7]: 1536, xstate_sizes[7]: 1024"
  },
  {
    "id": 298,
    "log": "Dec 20 09:08:23 prd-ifapigw-01 kernel: x86/fpu: xstate_offset[9]: 2560, xstate_sizes[9]:    8"
  },
  {
    "id": 299,
    "log": "Dec 20 09:08:23 prd-ifapigw-01 kernel: x86/fpu: Enabled xstate features 0x2ff, context size is 2568 bytes, using 'compacted' format."
  },
  {
    "id": 300,
    "log": "Dec 20 09:08:23 prd-ifapigw-01 kernel: e820: BIOS-provided physical RAM map:"
  },
  {
    "id": 301,
    "log": "Dec 20 09:08:23 prd-ifapigw-01 kernel: BIOS-e820: [mem 0x0000000000000000-0x000000000009fbff] usable"
  },
  {
    "id": 302,
    "log": "Dec 20 09:08:23 prd-ifapigw-01 kernel: BIOS-e820: [mem 0x000000000009fc00-0x000000000009ffff] reserved"
  },
  {
    "id": 303,
    "log": "Dec 20 09:08:23 prd-ifapigw-01 kernel: BIOS-e820: [mem 0x00000000000f0000-0x00000000000fffff] reserved"
  },
  {
    "id": 304,
    "log": "Dec 20 09:08:23 prd-ifapigw-01 kernel: BIOS-e820: [mem 0x0000000000100000-0x00000000bffe9fff] usable"
  },
  {
    "id": 305,
    "log": "Dec 20 09:08:23 prd-ifapigw-01 kernel: BIOS-e820: [mem 0x00000000bffea000-0x00000000bfffffff] reserved"
  },
  {
    "id": 306,
    "log": "Dec 20 09:08:23 prd-ifapigw-01 kernel: BIOS-e820: [mem 0x00000000e0000000-0x00000000e03fffff] reserved"
  },
  {
    "id": 307,
    "log": "Dec 20 09:08:23 prd-ifapigw-01 kernel: BIOS-e820: [mem 0x00000000fffc0000-0x00000000ffffffff] reserved"
  },
  {
    "id": 308,
    "log": "Dec 20 09:08:23 prd-ifapigw-01 kernel: BIOS-e820: [mem 0x0000000100000000-0x000000022d3fffff] usable"
  },
  {
    "id": 309,
    "log": "Dec 20 09:08:23 prd-ifapigw-01 kernel: BIOS-e820: [mem 0x000000022d400000-0x000000023fffffff] reserved"
  },
  {
    "id": 310,
    "log": "Dec 20 09:08:23 prd-ifapigw-01 kernel: NX (Execute Disable) protection: active"
  },
  {
    "id": 311,
    "log": "Dec 20 09:08:23 prd-ifapigw-01 kernel: SMBIOS 2.7 present."
  },
  {
    "id": 312,
    "log": "Dec 20 09:08:23 prd-ifapigw-01 kernel: DMI: Amazon EC2 m5.large/, BIOS 1.0 10/16/2017"
  },
  {
    "id": 313,
    "log": "Dec 20 09:08:23 prd-ifapigw-01 kernel: Hypervisor detected: KVM"
  },
  {
    "id": 314,
    "log": "Dec 20 09:08:23 prd-ifapigw-01 kernel: tsc: Using PIT calibration value"
  },
  {
    "id": 315,
    "log": "Dec 20 09:08:23 prd-ifapigw-01 kernel: e820: last_pfn = 0x22d400 max_arch_pfn = 0x400000000"
  },
  {
    "id": 316,
    "log": "Dec 20 09:08:23 prd-ifapigw-01 kernel: x86/PAT: Configuration [0-7]: WB  WC  UC- UC  WB  WP  UC- WT"
  },
  {
    "id": 317,
    "log": "Dec 20 09:08:23 prd-ifapigw-01 kernel: e820: last_pfn = 0xbffea max_arch_pfn = 0x400000000"
  },
  {
    "id": 318,
    "log": "Dec 20 09:08:23 prd-ifapigw-01 kernel: Scanning 1 areas for low memory corruption"
  },
  {
    "id": 319,
    "log": "Dec 20 09:08:23 prd-ifapigw-01 kernel: Using GB pages for direct mapping"
  },
  {
    "id": 320,
    "log": "Dec 20 09:08:23 prd-ifapigw-01 kernel: RAMDISK: [mem 0x34472000-0x36230fff]"
  },
  {
    "id": 321,
    "log": "Dec 20 09:08:23 prd-ifapigw-01 kernel: ACPI: Early table checksum verification disabled"
  },
  {
    "id": 322,
    "log": "Dec 20 09:08:23 prd-ifapigw-01 kernel: ACPI: RSDP 0x00000000000F8F40 000014 (v00 AMAZON)"
  },
  {
    "id": 323,
    "log": "Dec 20 09:08:23 prd-ifapigw-01 kernel: ACPI: RSDT 0x00000000BFFEE350 000044 (v01 AMAZON AMZNRSDT 00000001 AMZN 00000001)"
  },
  {
    "id": 324,
    "log": "Dec 20 09:08:23 prd-ifapigw-01 kernel: ACPI: FACP 0x00000000BFFEFF80 000074 (v01 AMAZON AMZNFACP 00000001 AMZN 00000001)"
  },
  {
    "id": 325,
    "log": "Dec 20 09:08:23 prd-ifapigw-01 kernel: ACPI: DSDT 0x00000000BFFEE3A0 0010E9 (v01 AMAZON AMZNDSDT 00000001 AMZN 00000001)"
  },
  {
    "id": 326,
    "log": "Dec 20 09:08:23 prd-ifapigw-01 kernel: ACPI: FACS 0x00000000BFFEFF40 000040"
  },
  {
    "id": 327,
    "log": "Dec 20 09:08:23 prd-ifapigw-01 kernel: ACPI: SSDT 0x00000000BFFEF6C0 00087A (v01 AMAZON AMZNSSDT 00000001 AMZN 00000001)"
  },
  {
    "id": 328,
    "log": "Dec 20 09:08:23 prd-ifapigw-01 kernel: ACPI: APIC 0x00000000BFFEF5D0 000076 (v01 AMAZON AMZNAPIC 00000001 AMZN 00000001)"
  },
  {
    "id": 329,
    "log": "Dec 20 09:08:23 prd-ifapigw-01 kernel: ACPI: SRAT 0x00000000BFFEF530 0000A0 (v01 AMAZON AMZNSRAT 00000001 AMZN 00000001)"
  },
  {
    "id": 330,
    "log": "Dec 20 09:08:23 prd-ifapigw-01 kernel: ACPI: SLIT 0x00000000BFFEF4C0 00006C (v01 AMAZON AMZNSLIT 00000001 AMZN 00000001)"
  },
  {
    "id": 331,
    "log": "Dec 20 09:08:23 prd-ifapigw-01 kernel: ACPI: WAET 0x00000000BFFEF490 000028 (v01 AMAZON AMZNWAET 00000001 AMZN 00000001)"
  },
  {
    "id": 332,
    "log": "Dec 20 09:08:23 prd-ifapigw-01 kernel: ACPI: HPET 0x00000000000C9000 000038 (v01 AMAZON AMZNHPET 00000001 AMZN 00000001)"
  },
  {
    "id": 333,
    "log": "Dec 20 09:08:23 prd-ifapigw-01 kernel: ACPI: SSDT 0x00000000000C9040 00007B (v01 AMAZON AMZNSSDT 00000001 AMZN 00000001)"
  },
  {
    "id": 334,
    "log": "Dec 20 09:08:23 prd-ifapigw-01 kernel: SRAT: PXM 0 -> APIC 0x00 -> Node 0"
  },
  {
    "id": 335,
    "log": "Dec 20 09:08:23 prd-ifapigw-01 kernel: SRAT: PXM 0 -> APIC 0x01 -> Node 0"
  },
  {
    "id": 336,
    "log": "Dec 20 09:08:23 prd-ifapigw-01 kernel: ACPI: SRAT: Node 0 PXM 0 [mem 0x00000000-0xbfffffff]"
  },
  {
    "id": 337,
    "log": "Dec 20 09:08:23 prd-ifapigw-01 kernel: ACPI: SRAT: Node 0 PXM 0 [mem 0x100000000-0x23fffffff]"
  },
  {
    "id": 338,
    "log": "Dec 20 09:08:23 prd-ifapigw-01 kernel: NUMA: Node 0 [mem 0x00000000-0xbfffffff] + [mem 0x100000000-0x22d3fffff] -> [mem 0x00000000-0x22d3fffff]"
  },
  {
    "id": 339,
    "log": "Dec 20 09:08:23 prd-ifapigw-01 kernel: NODE_DATA(0) allocated [mem 0x22d3db000-0x22d3fcfff]"
  },
  {
    "id": 340,
    "log": "Dec 20 09:08:23 prd-ifapigw-01 kernel: kvm-clock: Using msrs 4b564d01 and 4b564d00"
  },
  {
    "id": 341,
    "log": "Dec 20 09:08:23 prd-ifapigw-01 kernel: kvm-clock: cpu 0, msr 2:2d35b001, primary cpu clock"
  },
  {
    "id": 342,
    "log": "Dec 20 09:08:23 prd-ifapigw-01 kernel: kvm-clock: using sched offset of 12703706026 cycles"
  },
  {
    "id": 343,
    "log": "Dec 20 09:08:23 prd-ifapigw-01 kernel: clocksource: kvm-clock: mask: 0xffffffffffffffff max_cycles: 0x1cd42e4dffb, max_idle_ns: 881590591483 ns"
  },
  {
    "id": 344,
    "log": "Dec 20 09:08:23 prd-ifapigw-01 kernel: Zone ranges:"
  },
  {
    "id": 345,
    "log": "Dec 20 09:08:23 prd-ifapigw-01 kernel:  DMA      [mem 0x0000000000001000-0x0000000000ffffff]"
  },
  {
    "id": 346,
    "log": "Dec 20 09:08:23 prd-ifapigw-01 kernel:  DMA32    [mem 0x0000000001000000-0x00000000ffffffff]"
  },
  {
    "id": 347,
    "log": "Dec 20 09:08:23 prd-ifapigw-01 kernel:  Normal   [mem 0x0000000100000000-0x000000022d3fffff]"
  },
  {
    "id": 348,
    "log": "Dec 20 09:08:23 prd-ifapigw-01 kernel: Movable zone start for each node"
  },
  {
    "id": 349,
    "log": "Dec 20 09:08:23 prd-ifapigw-01 kernel: Early memory node ranges"
  },
  {
    "id": 350,
    "log": "Dec 20 09:08:23 prd-ifapigw-01 kernel:  node   0: [mem 0x0000000000001000-0x000000000009efff]"
  },
  {
    "id": 351,
    "log": "Dec 20 09:08:23 prd-ifapigw-01 kernel:  node   0: [mem 0x0000000000100000-0x00000000bffe9fff]"
  },
  {
    "id": 352,
    "log": "Dec 20 09:08:23 prd-ifapigw-01 kernel:  node   0: [mem 0x0000000100000000-0x000000022d3fffff]"
  },
  {
    "id": 353,
    "log": "Dec 20 09:08:23 prd-ifapigw-01 kernel: Initmem setup node 0 [mem 0x0000000000001000-0x000000022d3fffff]"
  },
  {
    "id": 354,
    "log": "Dec 20 09:08:23 prd-ifapigw-01 kernel: ACPI: PM-Timer IO Port: 0xb008"
  },
  {
    "id": 355,
    "log": "Dec 20 09:08:23 prd-ifapigw-01 kernel: ACPI: LAPIC_NMI (acpi_id[0xff] dfl dfl lint[0x1])"
  },
  {
    "id": 356,
    "log": "Dec 20 09:08:23 prd-ifapigw-01 kernel: IOAPIC[0]: apic_id 0, version 32, address 0xfec00000, GSI 0-23"
  },
  {
    "id": 357,
    "log": "Dec 20 09:08:23 prd-ifapigw-01 kernel: ACPI: INT_SRC_OVR (bus 0 bus_irq 5 global_irq 5 high level)"
  },
  {
    "id": 358,
    "log": "Dec 20 09:08:23 prd-ifapigw-01 kernel: ACPI: INT_SRC_OVR (bus 0 bus_irq 9 global_irq 9 high level)"
  },
  {
    "id": 359,
    "log": "Dec 20 09:08:23 prd-ifapigw-01 kernel: ACPI: INT_SRC_OVR (bus 0 bus_irq 10 global_irq 10 high level)"
  },
  {
    "id": 360,
    "log": "Dec 20 09:08:23 prd-ifapigw-01 kernel: ACPI: INT_SRC_OVR (bus 0 bus_irq 11 global_irq 11 high level)"
  },
  {
    "id": 361,
    "log": "Dec 20 09:08:23 prd-ifapigw-01 kernel: Using ACPI (MADT) for SMP configuration information"
  },
  {
    "id": 362,
    "log": "Dec 20 09:08:23 prd-ifapigw-01 kernel: ACPI: HPET id: 0x8086a201 base: 0xfed00000"
  },
  {
    "id": 363,
    "log": "Dec 20 09:08:23 prd-ifapigw-01 kernel: smpboot: Allowing 2 CPUs, 0 hotplug CPUs"
  },
  {
    "id": 364,
    "log": "Dec 20 09:08:23 prd-ifapigw-01 kernel: PM: Registered nosave memory: [mem 0x00000000-0x00000fff]"
  },
  {
    "id": 365,
    "log": "Dec 20 09:08:23 prd-ifapigw-01 kernel: PM: Registered nosave memory: [mem 0x0009f000-0x0009ffff]"
  },
  {
    "id": 366,
    "log": "Dec 20 09:08:23 prd-ifapigw-01 kernel: PM: Registered nosave memory: [mem 0x000a0000-0x000effff]"
  },
  {
    "id": 367,
    "log": "Dec 20 09:08:23 prd-ifapigw-01 kernel: PM: Registered nosave memory: [mem 0x000f0000-0x000fffff]"
  },
  {
    "id": 368,
    "log": "Dec 20 09:08:23 prd-ifapigw-01 kernel: PM: Registered nosave memory: [mem 0xbffea000-0xbfffffff]"
  },
  {
    "id": 369,
    "log": "Dec 20 09:08:23 prd-ifapigw-01 kernel: PM: Registered nosave memory: [mem 0xc0000000-0xdfffffff]"
  },
  {
    "id": 370,
    "log": "Dec 20 09:08:23 prd-ifapigw-01 kernel: PM: Registered nosave memory: [mem 0xe0000000-0xe03fffff]"
  },
  {
    "id": 371,
    "log": "Dec 20 09:08:23 prd-ifapigw-01 kernel: PM: Registered nosave memory: [mem 0xe0400000-0xfffbffff]"
  },
  {
    "id": 372,
    "log": "Dec 20 09:08:23 prd-ifapigw-01 kernel: PM: Registered nosave memory: [mem 0xfffc0000-0xffffffff]"
  },
  {
    "id": 373,
    "log": "Dec 20 09:08:23 prd-ifapigw-01 kernel: e820: [mem 0xc0000000-0xdfffffff] available for PCI devices"
  },
  {
    "id": 374,
    "log": "Dec 20 09:08:23 prd-ifapigw-01 kernel: Booting paravirtualized kernel on KVM"
  },
  {
    "id": 375,
    "log": "Dec 20 09:08:23 prd-ifapigw-01 kernel: clocksource: refined-jiffies: mask: 0xffffffff max_cycles: 0xffffffff, max_idle_ns: 7645519600211568 ns"
  },
  {
    "id": 376,
    "log": "Dec 20 09:08:23 prd-ifapigw-01 kernel: random: get_random_bytes called from start_kernel+0x94/0x4cf with crng_init=0"
  },
  {
    "id": 377,
    "log": "Dec 20 09:08:23 prd-ifapigw-01 kernel: setup_percpu: NR_CPUS:8192 nr_cpumask_bits:2 nr_cpu_ids:2 nr_node_ids:1"
  },
  {
    "id": 378,
    "log": "Dec 20 09:08:23 prd-ifapigw-01 kernel: percpu: Embedded 44 pages/cpu @ffff8998ed000000 s140120 r8192 d31912 u1048576"
  },
  {
    "id": 379,
    "log": "Dec 20 09:08:23 prd-ifapigw-01 kernel: KVM setup async PF for cpu 0"
  },
  {
    "id": 380,
    "log": "Dec 20 09:08:23 prd-ifapigw-01 kernel: kvm-stealtime: cpu 0, msr 22d0161c0"
  },
  {
    "id": 381,
    "log": "Dec 20 09:08:23 prd-ifapigw-01 kernel: Built 1 zonelists, mobility grouping on.  Total pages: 1988643"
  },
  {
    "id": 382,
    "log": "Dec 20 09:08:23 prd-ifapigw-01 kernel: Policy zone: Normal"
  },
  {
    "id": 383,
    "log": "Dec 20 09:08:23 prd-ifapigw-01 kernel: Kernel command line: BOOT_IMAGE=/boot/vmlinuz-4.14.104-95.84.amzn2.x86_64 root=UUID=8a9e0fcb-f415-4a3f-931d-919fadf8e22c ro console=tty0 console=ttyS0,115200n8 net.ifnames=0 biosdevname=0 nvme_core.io_timeout=4294967295 rd.emergency=poweroff rd.shell=0"
  },
  {
    "id": 384,
    "log": "Dec 20 09:08:23 prd-ifapigw-01 kernel: PID hash table entries: 4096 (order: 3, 32768 bytes)"
  },
  {
    "id": 385,
    "log": "Dec 20 09:08:23 prd-ifapigw-01 kernel: Memory: 7829420K/8080928K available (10252K kernel code, 1950K rwdata, 2824K rodata, 2072K init, 3888K bss, 251508K reserved, 0K cma-reserved)"
  },
  {
    "id": 386,
    "log": "Dec 20 09:08:23 prd-ifapigw-01 kernel: SLUB: HWalign=64, Order=0-3, MinObjects=0, CPUs=2, Nodes=1"
  },
  {
    "id": 387,
    "log": "Dec 20 09:08:23 prd-ifapigw-01 kernel: Kernel/User page tables isolation: enabled"
  },
  {
    "id": 388,
    "log": "Dec 20 09:08:23 prd-ifapigw-01 kernel: ftrace: allocating 26408 entries in 104 pages"
  },
  {
    "id": 389,
    "log": "Dec 20 09:08:23 prd-ifapigw-01 kernel: Hierarchical RCU implementation."
  },
  {
    "id": 390,
    "log": "Dec 20 09:08:23 prd-ifapigw-01 kernel: #011RCU restricting CPUs from NR_CPUS=8192 to nr_cpu_ids=2."
  },
  {
    "id": 391,
    "log": "Dec 20 09:08:23 prd-ifapigw-01 kernel: RCU: Adjusting geometry for rcu_fanout_leaf=16, nr_cpu_ids=2"
  },
  {
    "id": 392,
    "log": "Dec 20 09:08:23 prd-ifapigw-01 kernel: NR_IRQS: 524544, nr_irqs: 440, preallocated irqs: 16"
  },
  {
    "id": 393,
    "log": "Dec 20 09:08:23 prd-ifapigw-01 kernel: Console: colour VGA+ 80x25"
  },
  {
    "id": 394,
    "log": "Dec 20 09:08:23 prd-ifapigw-01 kernel: console [tty0] enabled"
  },
  {
    "id": 395,
    "log": "Dec 20 09:08:23 prd-ifapigw-01 kernel: console [ttyS0] enabled"
  },
  {
    "id": 396,
    "log": "Dec 20 09:08:23 prd-ifapigw-01 kernel: clocksource: hpet: mask: 0xffffffff max_cycles: 0xffffffff, max_idle_ns: 30580167144 ns"
  },
  {
    "id": 397,
    "log": "Dec 20 09:08:23 prd-ifapigw-01 kernel: tsc: Detected 2499.998 MHz processor"
  },
  {
    "id": 398,
    "log": "Dec 20 09:08:23 prd-ifapigw-01 kernel: Calibrating delay loop (skipped) preset value.. 4999.99 BogoMIPS (lpj=9999992)"
  },
  {
    "id": 399,
    "log": "Dec 20 09:08:23 prd-ifapigw-01 kernel: pid_max: default: 32768 minimum: 301"
  },
  {
    "id": 400,
    "log": "Dec 20 09:08:23 prd-ifapigw-01 kernel: ACPI: Core revision 20170728"
  },
  {
    "id": 401,
    "log": "Dec 20 09:08:23 prd-ifapigw-01 kernel: ACPI: 3 ACPI AML tables successfully acquired and loaded"
  },
  {
    "id": 402,
    "log": "Dec 20 09:08:23 prd-ifapigw-01 kernel: Security Framework initialized"
  },
  {
    "id": 403,
    "log": "Dec 20 09:08:23 prd-ifapigw-01 kernel: SELinux:  Initializing."
  },
  {
    "id": 404,
    "log": "Dec 20 09:08:23 prd-ifapigw-01 kernel: Dentry cache hash table entries: 1048576 (order: 11, 8388608 bytes)"
  },
  {
    "id": 405,
    "log": "Dec 20 09:08:23 prd-ifapigw-01 kernel: Inode-cache hash table entries: 524288 (order: 10, 4194304 bytes)"
  },
  {
    "id": 406,
    "log": "Dec 20 09:08:23 prd-ifapigw-01 kernel: Mount-cache hash table entries: 16384 (order: 5, 131072 bytes)"
  },
  {
    "id": 407,
    "log": "Dec 20 09:08:23 prd-ifapigw-01 kernel: Mountpoint-cache hash table entries: 16384 (order: 5, 131072 bytes)"
  },
  {
    "id": 408,
    "log": "Dec 20 09:08:23 prd-ifapigw-01 kernel: mce: CPU supports 32 MCE banks"
  },
  {
    "id": 409,
    "log": "Dec 20 09:08:23 prd-ifapigw-01 kernel: Last level iTLB entries: 4KB 64, 2MB 8, 4MB 8"
  },
  {
    "id": 410,
    "log": "Dec 20 09:08:23 prd-ifapigw-01 kernel: Last level dTLB entries: 4KB 64, 2MB 0, 4MB 0, 1GB 4"
  },
  {
    "id": 411,
    "log": "Dec 20 09:08:23 prd-ifapigw-01 kernel: Spectre V2 : Mitigation: Full generic retpoline"
  },
  {
    "id": 412,
    "log": "Dec 20 09:08:23 prd-ifapigw-01 kernel: Spectre V2 : Spectre v2 / SpectreRSB mitigation: Filling RSB on context switch"
  },
  {
    "id": 413,
    "log": "Dec 20 09:08:23 prd-ifapigw-01 kernel: Speculative Store Bypass: Vulnerable"
  },
  {
    "id": 414,
    "log": "Dec 20 09:08:23 prd-ifapigw-01 kernel: Freeing SMP alternatives memory: 24K"
  },
  {
    "id": 415,
    "log": "Dec 20 09:08:23 prd-ifapigw-01 kernel: smpboot: Max logical packages: 2"
  },
  {
    "id": 416,
    "log": "Dec 20 09:08:23 prd-ifapigw-01 kernel: x2apic enabled"
  },
  {
    "id": 417,
    "log": "Dec 20 09:08:23 prd-ifapigw-01 kernel: Switched APIC routing to physical x2apic."
  },
  {
    "id": 418,
    "log": "Dec 20 09:08:23 prd-ifapigw-01 kernel: ..TIMER: vector=0x30 apic1=0 pin1=0 apic2=-1 pin2=-1"
  },
  {
    "id": 419,
    "log": "Dec 20 09:08:23 prd-ifapigw-01 kernel: smpboot: CPU0: Intel(R) Xeon(R) Platinum 8175M CPU @ 2.50GHz (family: 0x6, model: 0x55, stepping: 0x4)"
  },
  {
    "id": 420,
    "log": "Dec 20 09:08:23 prd-ifapigw-01 kernel: Performance Events: unsupported p6 CPU model 85 no PMU driver, software events only."
  },
  {
    "id": 421,
    "log": "Dec 20 09:08:23 prd-ifapigw-01 kernel: Hierarchical SRCU implementation."
  },
  {
    "id": 422,
    "log": "Dec 20 09:08:23 prd-ifapigw-01 kernel: NMI watchdog: Perf event create on CPU 0 failed with -2"
  },
  {
    "id": 423,
    "log": "Dec 20 09:08:23 prd-ifapigw-01 kernel: NMI watchdog: Perf NMI watchdog permanently disabled"
  },
  {
    "id": 424,
    "log": "Dec 20 09:08:23 prd-ifapigw-01 kernel: smp: Bringing up secondary CPUs ..."
  },
  {
    "id": 425,
    "log": "Dec 20 09:08:23 prd-ifapigw-01 kernel: x86: Booting SMP configuration:"
  },
  {
    "id": 426,
    "log": "Dec 20 09:08:23 prd-ifapigw-01 kernel: .... node  #0, CPUs:      #1"
  },
  {
    "id": 427,
    "log": "Dec 20 09:08:23 prd-ifapigw-01 kernel: kvm-clock: cpu 1, msr 2:2d35b041, secondary cpu clock"
  },
  {
    "id": 428,
    "log": "Dec 20 09:08:23 prd-ifapigw-01 kernel: KVM setup async PF for cpu 1"
  },
  {
    "id": 429,
    "log": "Dec 20 09:08:23 prd-ifapigw-01 kernel: kvm-stealtime: cpu 1, msr 22d1161c0"
  },
  {
    "id": 430,
    "log": "Dec 20 09:08:23 prd-ifapigw-01 kernel: smp: Brought up 1 node, 2 CPUs"
  },
  {
    "id": 431,
    "log": "Dec 20 09:08:23 prd-ifapigw-01 kernel: smpboot: Total of 2 processors activated (9999.99 BogoMIPS)"
  },
  {
    "id": 432,
    "log": "Dec 20 09:08:23 prd-ifapigw-01 kernel: devtmpfs: initialized"
  },
  {
    "id": 433,
    "log": "Dec 20 09:08:23 prd-ifapigw-01 kernel: x86/mm: Memory block size: 128MB"
  },
  {
    "id": 434,
    "log": "Dec 20 09:08:23 prd-ifapigw-01 kernel: clocksource: jiffies: mask: 0xffffffff max_cycles: 0xffffffff, max_idle_ns: 7645041785100000 ns"
  },
  {
    "id": 435,
    "log": "Dec 20 09:08:23 prd-ifapigw-01 kernel: futex hash table entries: 512 (order: 3, 32768 bytes)"
  },
  {
    "id": 436,
    "log": "Dec 20 09:08:23 prd-ifapigw-01 kernel: NET: Registered protocol family 16"
  },
  {
    "id": 437,
    "log": "Dec 20 09:08:23 prd-ifapigw-01 kernel: cpuidle: using governor ladder"
  },
  {
    "id": 438,
    "log": "Dec 20 09:08:23 prd-ifapigw-01 kernel: cpuidle: using governor menu"
  },
  {
    "id": 439,
    "log": "Dec 20 09:08:23 prd-ifapigw-01 kernel: ACPI: bus type PCI registered"
  },
  {
    "id": 440,
    "log": "Dec 20 09:08:23 prd-ifapigw-01 kernel: acpiphp: ACPI Hot Plug PCI Controller Driver version: 0.5"
  },
  {
    "id": 441,
    "log": "Dec 20 09:08:23 prd-ifapigw-01 kernel: PCI: Using configuration type 1 for base access"
  },
  {
    "id": 442,
    "log": "Dec 20 09:08:23 prd-ifapigw-01 kernel: HugeTLB registered 1.00 GiB page size, pre-allocated 0 pages"
  },
  {
    "id": 443,
    "log": "Dec 20 09:08:23 prd-ifapigw-01 kernel: HugeTLB registered 2.00 MiB page size, pre-allocated 0 pages"
  },
  {
    "id": 444,
    "log": "Dec 20 09:08:23 prd-ifapigw-01 kernel: ACPI: Added _OSI(Module Device)"
  },
  {
    "id": 445,
    "log": "Dec 20 09:08:23 prd-ifapigw-01 kernel: ACPI: Added _OSI(Processor Device)"
  },
  {
    "id": 446,
    "log": "Dec 20 09:08:23 prd-ifapigw-01 kernel: ACPI: Added _OSI(3.0 _SCP Extensions)"
  },
  {
    "id": 447,
    "log": "Dec 20 09:08:23 prd-ifapigw-01 kernel: ACPI: Added _OSI(Processor Aggregator Device)"
  },
  {
    "id": 448,
    "log": "Dec 20 09:08:23 prd-ifapigw-01 kernel: ACPI: Interpreter enabled"
  },
  {
    "id": 449,
    "log": "Dec 20 09:08:23 prd-ifapigw-01 kernel: ACPI: (supports S0 S4 S5)"
  },
  {
    "id": 450,
    "log": "Dec 20 09:08:23 prd-ifapigw-01 kernel: ACPI: Using IOAPIC for interrupt routing"
  },
  {
    "id": 451,
    "log": "Dec 20 09:08:23 prd-ifapigw-01 kernel: PCI: Using host bridge windows from ACPI; if necessary, use \"pci=nocrs\" and report a bug"
  },
  {
    "id": 452,
    "log": "Dec 20 09:08:23 prd-ifapigw-01 kernel: ACPI: Enabled 16 GPEs in block 00 to 0F"
  },
  {
    "id": 453,
    "log": "Dec 20 09:08:23 prd-ifapigw-01 kernel: ACPI: PCI Root Bridge [PCI0] (domain 0000 [bus 00-ff])"
  },
  {
    "id": 454,
    "log": "Dec 20 09:08:23 prd-ifapigw-01 kernel: acpi PNP0A03:00: _OSC: OS supports [ASPM ClockPM Segments MSI]"
  },
  {
    "id": 455,
    "log": "Dec 20 09:08:23 prd-ifapigw-01 kernel: acpi PNP0A03:00: _OSC failed (AE_NOT_FOUND); disabling ASPM"
  },
  {
    "id": 456,
    "log": "Dec 20 09:08:23 prd-ifapigw-01 kernel: acpi PNP0A03:00: fail to add MMCONFIG information, can't access extended PCI configuration space under this bridge."
  },
  {
    "id": 457,
    "log": "Dec 20 09:08:23 prd-ifapigw-01 kernel: acpiphp: Slot [3] registered"
  },
  {
    "id": 458,
    "log": "Dec 20 09:08:23 prd-ifapigw-01 kernel: acpiphp: Slot [4] registered"
  },
  {
    "id": 459,
    "log": "Dec 20 09:08:23 prd-ifapigw-01 kernel: acpiphp: Slot [5] registered"
  },
  {
    "id": 460,
    "log": "Dec 20 09:08:23 prd-ifapigw-01 kernel: acpiphp: Slot [6] registered"
  },
  {
    "id": 461,
    "log": "Dec 20 09:08:23 prd-ifapigw-01 kernel: acpiphp: Slot [7] registered"
  },
  {
    "id": 462,
    "log": "Dec 20 09:08:23 prd-ifapigw-01 kernel: acpiphp: Slot [8] registered"
  },
  {
    "id": 463,
    "log": "Dec 20 09:08:23 prd-ifapigw-01 kernel: acpiphp: Slot [9] registered"
  },
  {
    "id": 464,
    "log": "Dec 20 09:08:23 prd-ifapigw-01 kernel: acpiphp: Slot [10] registered"
  },
  {
    "id": 465,
    "log": "Dec 20 09:08:23 prd-ifapigw-01 kernel: acpiphp: Slot [11] registered"
  },
  {
    "id": 466,
    "log": "Dec 20 09:08:23 prd-ifapigw-01 kernel: acpiphp: Slot [12] registered"
  },
  {
    "id": 467,
    "log": "Dec 20 09:08:23 prd-ifapigw-01 kernel: acpiphp: Slot [13] registered"
  },
  {
    "id": 468,
    "log": "Dec 20 09:08:23 prd-ifapigw-01 kernel: acpiphp: Slot [14] registered"
  },
  {
    "id": 469,
    "log": "Dec 20 09:08:23 prd-ifapigw-01 kernel: acpiphp: Slot [15] registered"
  },
  {
    "id": 470,
    "log": "Dec 20 09:08:23 prd-ifapigw-01 kernel: acpiphp: Slot [16] registered"
  },
  {
    "id": 471,
    "log": "Dec 20 09:08:23 prd-ifapigw-01 kernel: acpiphp: Slot [17] registered"
  },
  {
    "id": 472,
    "log": "Dec 20 09:08:23 prd-ifapigw-01 kernel: acpiphp: Slot [18] registered"
  },
  {
    "id": 473,
    "log": "Dec 20 09:08:23 prd-ifapigw-01 kernel: acpiphp: Slot [19] registered"
  },
  {
    "id": 474,
    "log": "Dec 20 09:08:23 prd-ifapigw-01 kernel: acpiphp: Slot [20] registered"
  },
  {
    "id": 475,
    "log": "Dec 20 09:08:23 prd-ifapigw-01 kernel: acpiphp: Slot [21] registered"
  },
  {
    "id": 476,
    "log": "Dec 20 09:08:23 prd-ifapigw-01 kernel: acpiphp: Slot [22] registered"
  },
  {
    "id": 477,
    "log": "Dec 20 09:08:23 prd-ifapigw-01 kernel: acpiphp: Slot [23] registered"
  },
  {
    "id": 478,
    "log": "Dec 20 09:08:23 prd-ifapigw-01 kernel: acpiphp: Slot [24] registered"
  },
  {
    "id": 479,
    "log": "Dec 20 09:08:23 prd-ifapigw-01 kernel: acpiphp: Slot [25] registered"
  },
  {
    "id": 480,
    "log": "Dec 20 09:08:23 prd-ifapigw-01 kernel: acpiphp: Slot [26] registered"
  },
  {
    "id": 481,
    "log": "Dec 20 09:08:23 prd-ifapigw-01 kernel: acpiphp: Slot [27] registered"
  },
  {
    "id": 482,
    "log": "Dec 20 09:08:23 prd-ifapigw-01 kernel: acpiphp: Slot [28] registered"
  },
  {
    "id": 483,
    "log": "Dec 20 09:08:23 prd-ifapigw-01 kernel: acpiphp: Slot [29] registered"
  },
  {
    "id": 484,
    "log": "Dec 20 09:08:23 prd-ifapigw-01 kernel: acpiphp: Slot [30] registered"
  },
  {
    "id": 485,
    "log": "Dec 20 09:08:23 prd-ifapigw-01 kernel: acpiphp: Slot [31] registered"
  },
  {
    "id": 486,
    "log": "Dec 20 09:08:23 prd-ifapigw-01 kernel: PCI host bridge to bus 0000:00"
  },
  {
    "id": 487,
    "log": "Dec 20 09:08:23 prd-ifapigw-01 kernel: pci_bus 0000:00: root bus resource [io  0x0000-0x0cf7 window]"
  },
  {
    "id": 488,
    "log": "Dec 20 09:08:23 prd-ifapigw-01 kernel: pci_bus 0000:00: root bus resource [io  0x0d00-0xffff window]"
  },
  {
    "id": 489,
    "log": "Dec 20 09:08:23 prd-ifapigw-01 kernel: pci_bus 0000:00: root bus resource [mem 0x000a0000-0x000bffff window]"
  },
  {
    "id": 490,
    "log": "Dec 20 09:08:23 prd-ifapigw-01 kernel: pci_bus 0000:00: root bus resource [mem 0xc0000000-0xfebfffff window]"
  },
  {
    "id": 491,
    "log": "Dec 20 09:08:23 prd-ifapigw-01 kernel: pci_bus 0000:00: root bus resource [bus 00-ff]"
  },
  {
    "id": 492,
    "log": "Dec 20 09:08:23 prd-ifapigw-01 kernel: pci 0000:00:01.3: quirk: [io  0xb000-0xb03f] claimed by PIIX4 ACPI"
  },
  {
    "id": 493,
    "log": "Dec 20 09:08:23 prd-ifapigw-01 kernel: pci 0000:00:01.3: quirk: [io  0xb100-0xb10f] claimed by PIIX4 SMB"
  },
  {
    "id": 494,
    "log": "Dec 20 09:08:23 prd-ifapigw-01 kernel: pci 0000:00:01.3: PIIX4 devres E PIO at fff0-ffff"
  },
  {
    "id": 495,
    "log": "Dec 20 09:08:23 prd-ifapigw-01 kernel: pci 0000:00:01.3: PIIX4 devres F MMIO at ffc00000-ffffffff"
  },
  {
    "id": 496,
    "log": "Dec 20 09:08:23 prd-ifapigw-01 kernel: pci 0000:00:01.3: PIIX4 devres G PIO at fff0-ffff"
  },
  {
    "id": 497,
    "log": "Dec 20 09:08:23 prd-ifapigw-01 kernel: pci 0000:00:01.3: PIIX4 devres H MMIO at ffc00000-ffffffff"
  },
  {
    "id": 498,
    "log": "Dec 20 09:08:23 prd-ifapigw-01 kernel: pci 0000:00:01.3: PIIX4 devres I PIO at fff0-ffff"
  },
  {
    "id": 499,
    "log": "Dec 20 09:08:23 prd-ifapigw-01 kernel: pci 0000:00:01.3: PIIX4 devres J PIO at fff0-ffff"
  },
  {
    "id": 500,
    "log": "Dec 20 09:08:23 prd-ifapigw-01 kernel: ACPI: PCI Interrupt Link [LNKA] (IRQs 5 *10 11)"
  },
  {
    "id": 501,
    "log": "Dec 20 09:08:23 prd-ifapigw-01 kernel: ACPI: PCI Interrupt Link [LNKB] (IRQs 5 *10 11)"
  },
  {
    "id": 502,
    "log": "Dec 20 09:08:23 prd-ifapigw-01 kernel: ACPI: PCI Interrupt Link [LNKC] (IRQs 5 10 *11)"
  },
  {
    "id": 503,
    "log": "Dec 20 09:08:23 prd-ifapigw-01 kernel: ACPI: PCI Interrupt Link [LNKD] (IRQs 5 10 *11)"
  },
  {
    "id": 504,
    "log": "Dec 20 09:08:23 prd-ifapigw-01 kernel: ACPI: PCI Interrupt Link [LNKS] (IRQs *9)"
  },
  {
    "id": 505,
    "log": "Dec 20 09:08:23 prd-ifapigw-01 kernel: pci 0000:00:03.0: vgaarb: setting as boot VGA device"
  },
  {
    "id": 506,
    "log": "Dec 20 09:08:23 prd-ifapigw-01 kernel: pci 0000:00:03.0: vgaarb: VGA device added: decodes=io+mem,owns=io+mem,locks=none"
  },
  {
    "id": 507,
    "log": "Dec 20 09:08:23 prd-ifapigw-01 kernel: pci 0000:00:03.0: vgaarb: bridge control possible"
  },
  {
    "id": 508,
    "log": "Dec 20 09:08:23 prd-ifapigw-01 kernel: vgaarb: loaded"
  },
  {
    "id": 509,
    "log": "Dec 20 09:08:23 prd-ifapigw-01 kernel: EDAC MC: Ver: 3.0.0"
  },
  {
    "id": 510,
    "log": "Dec 20 09:08:23 prd-ifapigw-01 kernel: PCI: Using ACPI for IRQ routing"
  },
  {
    "id": 511,
    "log": "Dec 20 09:08:23 prd-ifapigw-01 kernel: NetLabel: Initializing"
  },
  {
    "id": 512,
    "log": "Dec 20 09:08:23 prd-ifapigw-01 kernel: NetLabel:  domain hash size = 128"
  },
  {
    "id": 513,
    "log": "Dec 20 09:08:23 prd-ifapigw-01 kernel: NetLabel:  protocols = UNLABELED CIPSOv4 CALIPSO"
  },
  {
    "id": 514,
    "log": "Dec 20 09:08:23 prd-ifapigw-01 kernel: NetLabel:  unlabeled traffic allowed by default"
  },
  {
    "id": 515,
    "log": "Dec 20 09:08:23 prd-ifapigw-01 kernel: hpet0: at MMIO 0xfed00000, IRQs 2, 8, 0, 0, 0, 0, 0, 0"
  },
  {
    "id": 516,
    "log": "Dec 20 09:08:23 prd-ifapigw-01 kernel: hpet0: 8 comparators, 32-bit 62.500000 MHz counter"
  },
  {
    "id": 517,
    "log": "Dec 20 09:08:23 prd-ifapigw-01 kernel: clocksource: Switched to clocksource kvm-clock"
  },
  {
    "id": 518,
    "log": "Dec 20 09:08:23 prd-ifapigw-01 kernel: VFS: Disk quotas dquot_6.6.0"
  },
  {
    "id": 519,
    "log": "Dec 20 09:08:23 prd-ifapigw-01 kernel: VFS: Dquot-cache hash table entries: 512 (order 0, 4096 bytes)"
  },
  {
    "id": 520,
    "log": "Dec 20 09:08:23 prd-ifapigw-01 kernel: pnp: PnP ACPI init"
  },
  {
    "id": 521,
    "log": "Dec 20 09:08:23 prd-ifapigw-01 kernel: pnp: PnP ACPI: found 5 devices"
  },
  {
    "id": 522,
    "log": "Dec 20 09:08:23 prd-ifapigw-01 kernel: clocksource: acpi_pm: mask: 0xffffff max_cycles: 0xffffff, max_idle_ns: 2085701024 ns"
  },
  {
    "id": 523,
    "log": "Dec 20 09:08:23 prd-ifapigw-01 kernel: NET: Registered protocol family 2"
  },
  {
    "id": 524,
    "log": "Dec 20 09:08:23 prd-ifapigw-01 kernel: TCP established hash table entries: 65536 (order: 7, 524288 bytes)"
  },
  {
    "id": 525,
    "log": "Dec 20 09:08:23 prd-ifapigw-01 kernel: TCP bind hash table entries: 65536 (order: 8, 1048576 bytes)"
  },
  {
    "id": 526,
    "log": "Dec 20 09:08:23 prd-ifapigw-01 kernel: TCP: Hash tables configured (established 65536 bind 65536)"
  },
  {
    "id": 527,
    "log": "Dec 20 09:08:23 prd-ifapigw-01 kernel: UDP hash table entries: 4096 (order: 5, 131072 bytes)"
  },
  {
    "id": 528,
    "log": "Dec 20 09:08:23 prd-ifapigw-01 kernel: UDP-Lite hash table entries: 4096 (order: 5, 131072 bytes)"
  },
  {
    "id": 529,
    "log": "Dec 20 09:08:23 prd-ifapigw-01 kernel: NET: Registered protocol family 1"
  },
  {
    "id": 530,
    "log": "Dec 20 09:08:23 prd-ifapigw-01 kernel: pci 0000:00:00.0: Limiting direct PCI/PCI transfers"
  },
  {
    "id": 531,
    "log": "Dec 20 09:08:23 prd-ifapigw-01 kernel: pci 0000:00:01.0: Activating ISA DMA hang workarounds"
  },
  {
    "id": 532,
    "log": "Dec 20 09:08:23 prd-ifapigw-01 kernel: pci 0000:00:03.0: Video device with shadowed ROM at [mem 0x000c0000-0x000dffff]"
  },
  {
    "id": 533,
    "log": "Dec 20 09:08:23 prd-ifapigw-01 kernel: Unpacking initramfs..."
  },
  {
    "id": 534,
    "log": "Dec 20 09:08:23 prd-ifapigw-01 kernel: Freeing initrd memory: 30460K"
  },
  {
    "id": 535,
    "log": "Dec 20 09:08:23 prd-ifapigw-01 kernel: PCI-DMA: Using software bounce buffering for IO (SWIOTLB)"
  },
  {
    "id": 536,
    "log": "Dec 20 09:08:23 prd-ifapigw-01 kernel: software IO TLB: mapped [mem 0xbbfea000-0xbffea000] (64MB)"
  },
  {
    "id": 537,
    "log": "Dec 20 09:08:23 prd-ifapigw-01 kernel: clocksource: tsc: mask: 0xffffffffffffffff max_cycles: 0x240937b9988, max_idle_ns: 440795218083 ns"
  },
  {
    "id": 538,
    "log": "Dec 20 09:08:23 prd-ifapigw-01 kernel: Scanning for low memory corruption every 60 seconds"
  },
  {
    "id": 539,
    "log": "Dec 20 09:08:23 prd-ifapigw-01 kernel: audit: initializing netlink subsys (disabled)"
  },
  {
    "id": 540,
    "log": "Dec 20 09:08:23 prd-ifapigw-01 kernel: audit: type=2000 audit(1734653302.069:1): state=initialized audit_enabled=0 res=1"
  },
  {
    "id": 541,
    "log": "Dec 20 09:08:23 prd-ifapigw-01 kernel: Initialise system trusted keyrings"
  },
  {
    "id": 542,
    "log": "Dec 20 09:08:23 prd-ifapigw-01 kernel: Key type blacklist registered"
  },
  {
    "id": 543,
    "log": "Dec 20 09:08:23 prd-ifapigw-01 kernel: workingset: timestamp_bits=36 max_order=21 bucket_order=0"
  },
  {
    "id": 544,
    "log": "Dec 20 09:08:23 prd-ifapigw-01 kernel: zbud: loaded"
  },
  {
    "id": 545,
    "log": "Dec 20 09:08:23 prd-ifapigw-01 kernel: Key type asymmetric registered"
  },
  {
    "id": 546,
    "log": "Dec 20 09:08:23 prd-ifapigw-01 kernel: Asymmetric key parser 'x509' registered"
  },
  {
    "id": 547,
    "log": "Dec 20 09:08:23 prd-ifapigw-01 kernel: Block layer SCSI generic (bsg) driver version 0.4 loaded (major 252)"
  },
  {
    "id": 548,
    "log": "Dec 20 09:08:23 prd-ifapigw-01 kernel: io scheduler noop registered (default)"
  },
  {
    "id": 549,
    "log": "Dec 20 09:08:23 prd-ifapigw-01 kernel: io scheduler cfq registered"
  },
  {
    "id": 550,
    "log": "Dec 20 09:08:23 prd-ifapigw-01 kernel: crc32: CRC_LE_BITS = 64, CRC_BE BITS = 64"
  },
  {
    "id": 551,
    "log": "Dec 20 09:08:23 prd-ifapigw-01 kernel: crc32: self tests passed, processed 225944 bytes in 131781 nsec"
  },
  {
    "id": 552,
    "log": "Dec 20 09:08:23 prd-ifapigw-01 kernel: crc32c: CRC_LE_BITS = 64"
  },
  {
    "id": 553,
    "log": "Dec 20 09:08:23 prd-ifapigw-01 kernel: crc32c: self tests passed, processed 225944 bytes in 65949 nsec"
  },
  {
    "id": 554,
    "log": "Dec 20 09:08:23 prd-ifapigw-01 kernel: crc32_combine: 8373 self tests passed"
  },
  {
    "id": 555,
    "log": "Dec 20 09:08:23 prd-ifapigw-01 kernel: crc32c_combine: 8373 self tests passed"
  },
  {
    "id": 556,
    "log": "Dec 20 09:08:23 prd-ifapigw-01 kernel: Serial: 8250/16550 driver, 4 ports, IRQ sharing disabled"
  },
  {
    "id": 557,
    "log": "Dec 20 09:08:23 prd-ifapigw-01 kernel: 00:04: ttyS0 at I/O 0x3f8 (irq = 4, base_baud = 115200) is a 16550A"
  },
  {
    "id": 558,
    "log": "Dec 20 09:08:23 prd-ifapigw-01 kernel: i8042: PNP: PS/2 Controller [PNP0303:KBD,PNP0f13:MOU] at 0x60,0x64 irq 1,12"
  },
  {
    "id": 559,
    "log": "Dec 20 09:08:23 prd-ifapigw-01 kernel: i8042: Warning: Keylock active"
  },
  {
    "id": 560,
    "log": "Dec 20 09:08:23 prd-ifapigw-01 kernel: serio: i8042 KBD port at 0x60,0x64 irq 1"
  },
  {
    "id": 561,
    "log": "Dec 20 09:08:23 prd-ifapigw-01 kernel: serio: i8042 AUX port at 0x60,0x64 irq 12"
  },
  {
    "id": 562,
    "log": "Dec 20 09:08:23 prd-ifapigw-01 kernel: rtc_cmos 00:00: RTC can wake from S4"
  },
  {
    "id": 563,
    "log": "Dec 20 09:08:23 prd-ifapigw-01 kernel: rtc_cmos 00:00: rtc core: registered rtc_cmos as rtc0"
  },
  {
    "id": 564,
    "log": "Dec 20 09:08:23 prd-ifapigw-01 kernel: rtc_cmos 00:00: alarms up to one day, 114 bytes nvram"
  },
  {
    "id": 565,
    "log": "Dec 20 09:08:23 prd-ifapigw-01 kernel: hidraw: raw HID events driver (C) Jiri Kosina"
  },
  {
    "id": 566,
    "log": "Dec 20 09:08:23 prd-ifapigw-01 kernel: NET: Registered protocol family 17"
  },
  {
    "id": 567,
    "log": "Dec 20 09:08:23 prd-ifapigw-01 kernel: sched_clock: Marking stable (1103371952, 0)->(1937440319, -834068367)"
  },
  {
    "id": 568,
    "log": "Dec 20 09:08:23 prd-ifapigw-01 kernel: registered taskstats version 1"
  },
  {
    "id": 569,
    "log": "Dec 20 09:08:23 prd-ifapigw-01 kernel: Loading compiled-in X.509 certificates"
  },
  {
    "id": 570,
    "log": "Dec 20 09:08:23 prd-ifapigw-01 kernel: Loaded X.509 cert 'Build time autogenerated kernel key: ddd6a8647e0e6a706284628820176b1846fe865d'"
  },
  {
    "id": 571,
    "log": "Dec 20 09:08:23 prd-ifapigw-01 kernel: zswap: loaded using pool lzo/zbud"
  },
  {
    "id": 572,
    "log": "Dec 20 09:08:23 prd-ifapigw-01 kernel: ima: No TPM chip found, activating TPM-bypass! (rc=-19)"
  },
  {
    "id": 573,
    "log": "Dec 20 09:08:23 prd-ifapigw-01 kernel: ima: Allocated hash algorithm: sha1"
  },
  {
    "id": 574,
    "log": "Dec 20 09:08:23 prd-ifapigw-01 kernel: rtc_cmos 00:00: setting system clock to 2024-12-20 00:08:22 UTC (1734653302)"
  },
  {
    "id": 575,
    "log": "Dec 20 09:08:23 prd-ifapigw-01 kernel: Freeing unused kernel memory: 2072K"
  },
  {
    "id": 576,
    "log": "Dec 20 09:08:23 prd-ifapigw-01 kernel: Write protecting the kernel read-only data: 16384k"
  },
  {
    "id": 577,
    "log": "Dec 20 09:08:23 prd-ifapigw-01 kernel: Freeing unused kernel memory: 2016K"
  },
  {
    "id": 578,
    "log": "Dec 20 09:08:23 prd-ifapigw-01 kernel: Freeing unused kernel memory: 1272K"
  },
  {
    "id": 579,
    "log": "Dec 20 09:08:23 prd-ifapigw-01 systemd[1]: Inserted module 'autofs4'"
  },
  {
    "id": 580,
    "log": "Dec 20 09:08:23 prd-ifapigw-01 kernel: NET: Registered protocol family 10"
  },
  {
    "id": 581,
    "log": "Dec 20 09:08:23 prd-ifapigw-01 kernel: Segment Routing with IPv6"
  },
  {
    "id": 582,
    "log": "Dec 20 09:08:23 prd-ifapigw-01 systemd[1]: Inserted module 'ipv6'"
  },
  {
    "id": 583,
    "log": "Dec 20 09:08:23 prd-ifapigw-01 kernel: random: systemd: uninitialized urandom read (16 bytes read)"
  },
  {
    "id": 584,
    "log": "Dec 20 09:08:23 prd-ifapigw-01 kernel: random: systemd: uninitialized urandom read (16 bytes read)"
  },
  {
    "id": 585,
    "log": "Dec 20 09:08:23 prd-ifapigw-01 kernel: random: systemd: uninitialized urandom read (16 bytes read)"
  },
  {
    "id": 586,
    "log": "Dec 20 09:08:23 prd-ifapigw-01 systemd[1]: systemd 219 running in system mode. (+PAM +AUDIT +SELINUX +IMA -APPARMOR +SMACK +SYSVINIT +UTMP +LIBCRYPTSETUP +GCRYPT +GNUTLS +ACL +XZ +LZ4 -SECCOMP +BLKID +ELFUTILS +KMOD +IDN)"
  },
  {
    "id": 587,
    "log": "Dec 20 09:08:23 prd-ifapigw-01 systemd[1]: Detected virtualization kvm."
  },
  {
    "id": 588,
    "log": "Dec 20 09:08:23 prd-ifapigw-01 systemd[1]: Detected architecture x86-64."
  },
  {
    "id": 589,
    "log": "Dec 20 09:08:23 prd-ifapigw-01 systemd[1]: Running in initial RAM disk."
  },
  {
    "id": 590,
    "log": "Dec 20 09:08:23 prd-ifapigw-01 systemd[1]: No hostname configured."
  },
  {
    "id": 591,
    "log": "Dec 20 09:08:23 prd-ifapigw-01 systemd[1]: Set hostname to <localhost>."
  },
  {
    "id": 592,
    "log": "Dec 20 09:08:23 prd-ifapigw-01 systemd[1]: Initializing machine ID from KVM UUID."
  },
  {
    "id": 593,
    "log": "Dec 20 09:08:23 prd-ifapigw-01 kernel: input: AT Translated Set 2 keyboard as /devices/platform/i8042/serio0/input/input0"
  },
  {
    "id": 594,
    "log": "Dec 20 09:08:23 prd-ifapigw-01 systemd[1]: Reached target Timers."
  },
  {
    "id": 595,
    "log": "Dec 20 09:08:23 prd-ifapigw-01 systemd[1]: Starting Timers."
  },
  {
    "id": 596,
    "log": "Dec 20 09:08:23 prd-ifapigw-01 systemd[1]: Reached target Local File Systems."
  },
  {
    "id": 597,
    "log": "Dec 20 09:08:23 prd-ifapigw-01 journal: Journal started"
  },
  {
    "id": 598,
    "log": "Dec 20 09:08:23 prd-ifapigw-01 systemd: Started Create list of required static device nodes for the current kernel."
  },
  {
    "id": 599,
    "log": "Dec 20 09:08:23 prd-ifapigw-01 systemd: Started Apply Kernel Variables."
  },
  {
    "id": 600,
    "log": "Dec 20 09:08:23 prd-ifapigw-01 systemd: Started Setup Virtual Console."
  },
  {
    "id": 601,
    "log": "Dec 20 09:08:23 prd-ifapigw-01 systemd: Starting Create Static Device Nodes in /dev..."
  },
  {
    "id": 602,
    "log": "Dec 20 09:08:23 prd-ifapigw-01 systemd: Started Create Static Device Nodes in /dev."
  },
  {
    "id": 603,
    "log": "Dec 20 09:08:23 prd-ifapigw-01 systemd: Started dracut cmdline hook."
  },
  {
    "id": 604,
    "log": "Dec 20 09:08:23 prd-ifapigw-01 systemd: Starting dracut pre-udev hook..."
  },
  {
    "id": 605,
    "log": "Dec 20 09:08:23 prd-ifapigw-01 kernel: device-mapper: uevent: version 1.0.3"
  },
  {
    "id": 606,
    "log": "Dec 20 09:08:23 prd-ifapigw-01 kernel: device-mapper: ioctl: 4.37.0-ioctl (2017-09-20) initialised: dm-devel@redhat.com"
  },
  {
    "id": 607,
    "log": "Dec 20 09:08:23 prd-ifapigw-01 systemd: Started dracut pre-udev hook."
  },
  {
    "id": 608,
    "log": "Dec 20 09:08:23 prd-ifapigw-01 systemd: Starting udev Kernel Device Manager..."
  },
  {
    "id": 609,
    "log": "Dec 20 09:08:23 prd-ifapigw-01 systemd-udevd: starting version 219"
  },
  {
    "id": 610,
    "log": "Dec 20 09:08:23 prd-ifapigw-01 systemd-udevd: Network interface NamePolicy= disabled on kernel command line, ignoring."
  },
  {
    "id": 611,
    "log": "Dec 20 09:08:23 prd-ifapigw-01 systemd: Started udev Kernel Device Manager."
  },
  {
    "id": 612,
    "log": "Dec 20 09:08:23 prd-ifapigw-01 systemd: Starting dracut pre-trigger hook..."
  },
  {
    "id": 613,
    "log": "Dec 20 09:08:23 prd-ifapigw-01 systemd: Started dracut pre-trigger hook."
  },
  {
    "id": 614,
    "log": "Dec 20 09:08:23 prd-ifapigw-01 systemd: Starting udev Coldplug all Devices..."
  },
  {
    "id": 615,
    "log": "Dec 20 09:08:23 prd-ifapigw-01 systemd-udevd: Network interface NamePolicy= disabled on kernel command line, ignoring."
  },
  {
    "id": 616,
    "log": "Dec 20 09:08:23 prd-ifapigw-01 kernel: random: fast init done"
  },
  {
    "id": 617,
    "log": "Dec 20 09:08:23 prd-ifapigw-01 systemd: Started udev Coldplug all Devices."
  },
  {
    "id": 618,
    "log": "Dec 20 09:08:23 prd-ifapigw-01 systemd: Starting Show Plymouth Boot Screen..."
  },
  {
    "id": 619,
    "log": "Dec 20 09:08:23 prd-ifapigw-01 systemd: Reached target System Initialization."
  },
  {
    "id": 620,
    "log": "Dec 20 09:08:23 prd-ifapigw-01 systemd: Starting System Initialization."
  },
  {
    "id": 621,
    "log": "Dec 20 09:08:23 prd-ifapigw-01 systemd: Starting dracut initqueue hook..."
  },
  {
    "id": 622,
    "log": "Dec 20 09:08:23 prd-ifapigw-01 systemd: Received SIGRTMIN+20 from PID 1258 (plymouthd)."
  },
  {
    "id": 623,
    "log": "Dec 20 09:08:23 prd-ifapigw-01 kernel: nvme nvme0: pci function 0000:00:04.0"
  },
  {
    "id": 624,
    "log": "Dec 20 09:08:23 prd-ifapigw-01 kernel: nvme nvme1: pci function 0000:00:1c.0"
  },
  {
    "id": 625,
    "log": "Dec 20 09:08:23 prd-ifapigw-01 kernel: nvme nvme2: pci function 0000:00:1d.0"
  },
  {
    "id": 626,
    "log": "Dec 20 09:08:23 prd-ifapigw-01 kernel: nvme nvme3: pci function 0000:00:1e.0"
  },
  {
    "id": 627,
    "log": "Dec 20 09:08:23 prd-ifapigw-01 kernel: nvme nvme4: pci function 0000:00:1f.0"
  },
  {
    "id": 628,
    "log": "Dec 20 09:08:23 prd-ifapigw-01 kernel: ACPI: PCI Interrupt Link [LNKD] enabled at IRQ 11"
  },
  {
    "id": 629,
    "log": "Dec 20 09:08:23 prd-ifapigw-01 systemd: Started Show Plymouth Boot Screen."
  },
  {
    "id": 630,
    "log": "Dec 20 09:08:23 prd-ifapigw-01 kernel: ACPI: PCI Interrupt Link [LNKA] enabled at IRQ 10"
  },
  {
    "id": 631,
    "log": "Dec 20 09:08:23 prd-ifapigw-01 systemd: Reached target Paths."
  },
  {
    "id": 632,
    "log": "Dec 20 09:08:23 prd-ifapigw-01 systemd: Starting Paths."
  },
  {
    "id": 633,
    "log": "Dec 20 09:08:23 prd-ifapigw-01 systemd: Started Forward Password Requests to Plymouth Directory Watch."
  },
  {
    "id": 634,
    "log": "Dec 20 09:08:23 prd-ifapigw-01 systemd: Starting Forward Password Requests to Plymouth Directory Watch."
  },
  {
    "id": 635,
    "log": "Dec 20 09:08:23 prd-ifapigw-01 systemd: Reached target Basic System."
  },
  {
    "id": 636,
    "log": "Dec 20 09:08:23 prd-ifapigw-01 systemd: Starting Basic System."
  },
  {
    "id": 637,
    "log": "Dec 20 09:08:23 prd-ifapigw-01 kernel: ACPI: PCI Interrupt Link [LNKB] enabled at IRQ 10"
  },
  {
    "id": 638,
    "log": "Dec 20 09:08:23 prd-ifapigw-01 kernel: ACPI: PCI Interrupt Link [LNKC] enabled at IRQ 11"
  },
  {
    "id": 639,
    "log": "Dec 20 09:08:23 prd-ifapigw-01 kernel: AVX2 version of gcm_enc/dec engaged."
  },
  {
    "id": 640,
    "log": "Dec 20 09:08:23 prd-ifapigw-01 kernel: AES CTR mode by8 optimization enabled"
  },
  {
    "id": 641,
    "log": "Dec 20 09:08:23 prd-ifapigw-01 kernel: alg: No test for pcbc(aes) (pcbc-aes-aesni)"
  },
  {
    "id": 642,
    "log": "Dec 20 09:08:23 prd-ifapigw-01 kernel: nvme0n1: p1 p128"
  },
  {
    "id": 643,
    "log": "Dec 20 09:08:23 prd-ifapigw-01 systemd: Found device /dev/disk/by-uuid/8a9e0fcb-f415-4a3f-931d-919fadf8e22c."
  },
  {
    "id": 644,
    "log": "Dec 20 09:08:23 prd-ifapigw-01 systemd: Starting File System Check on /dev/disk/by-uuid/8a9e0fcb-f415-4a3f-931d-919fadf8e22c..."
  },
  {
    "id": 645,
    "log": "Dec 20 09:08:23 prd-ifapigw-01 systemd-fsck: /usr/sbin/fsck.xfs: XFS file system."
  },
  {
    "id": 646,
    "log": "Dec 20 09:08:23 prd-ifapigw-01 systemd: Started File System Check on /dev/disk/by-uuid/8a9e0fcb-f415-4a3f-931d-919fadf8e22c."
  },
  {
    "id": 647,
    "log": "Dec 20 09:08:23 prd-ifapigw-01 systemd: Started dracut initqueue hook."
  },
  {
    "id": 648,
    "log": "Dec 20 09:08:23 prd-ifapigw-01 systemd: Reached target Remote File Systems (Pre)."
  },
  {
    "id": 649,
    "log": "Dec 20 09:08:23 prd-ifapigw-01 systemd: Starting Remote File Systems (Pre)."
  },
  {
    "id": 650,
    "log": "Dec 20 09:08:23 prd-ifapigw-01 systemd: Reached target Remote File Systems."
  },
  {
    "id": 651,
    "log": "Dec 20 09:08:23 prd-ifapigw-01 systemd: Starting Remote File Systems."
  },
  {
    "id": 652,
    "log": "Dec 20 09:08:23 prd-ifapigw-01 systemd: Starting dracut pre-mount hook..."
  },
  {
    "id": 653,
    "log": "Dec 20 09:08:23 prd-ifapigw-01 systemd: Started dracut pre-mount hook."
  },
  {
    "id": 654,
    "log": "Dec 20 09:08:23 prd-ifapigw-01 systemd: Mounting /sysroot..."
  },
  {
    "id": 655,
    "log": "Dec 20 09:08:24 prd-ifapigw-01 kernel: SGI XFS with ACLs, security attributes, no debug enabled"
  },
  {
    "id": 656,
    "log": "Dec 20 09:08:24 prd-ifapigw-01 kernel: XFS (nvme0n1p1): Mounting V5 Filesystem"
  },
  {
    "id": 657,
    "log": "Dec 20 09:08:24 prd-ifapigw-01 systemd: Mounted /sysroot."
  },
  {
    "id": 658,
    "log": "Dec 20 09:08:24 prd-ifapigw-01 systemd: Reached target Initrd Root File System."
  },
  {
    "id": 659,
    "log": "Dec 20 09:08:24 prd-ifapigw-01 systemd: Starting Initrd Root File System."
  },
  {
    "id": 660,
    "log": "Dec 20 09:08:24 prd-ifapigw-01 kernel: XFS (nvme0n1p1): Ending clean mount"
  },
  {
    "id": 661,
    "log": "Dec 20 09:08:24 prd-ifapigw-01 systemd: Starting Reload Configuration from the Real Root..."
  },
  {
    "id": 662,
    "log": "Dec 20 09:08:24 prd-ifapigw-01 systemd: Reloading."
  },
  {
    "id": 663,
    "log": "Dec 20 09:08:25 prd-ifapigw-01 systemd: Started Reload Configuration from the Real Root."
  },
  {
    "id": 664,
    "log": "Dec 20 09:08:25 prd-ifapigw-01 systemd: Reached target Initrd File Systems."
  },
  {
    "id": 665,
    "log": "Dec 20 09:08:25 prd-ifapigw-01 systemd: Starting Initrd File Systems."
  },
  {
    "id": 666,
    "log": "Dec 20 09:08:25 prd-ifapigw-01 systemd: Reached target Initrd Default Target."
  },
  {
    "id": 667,
    "log": "Dec 20 09:08:25 prd-ifapigw-01 systemd: Starting Initrd Default Target."
  },
  {
    "id": 668,
    "log": "Dec 20 09:08:25 prd-ifapigw-01 systemd: Starting dracut pre-pivot and cleanup hook..."
  },
  {
    "id": 669,
    "log": "Dec 20 09:08:25 prd-ifapigw-01 systemd: Started dracut pre-pivot and cleanup hook."
  },
  {
    "id": 670,
    "log": "Dec 20 09:08:25 prd-ifapigw-01 systemd: Starting Cleaning Up and Shutting Down Daemons..."
  },
  {
    "id": 671,
    "log": "Dec 20 09:08:25 prd-ifapigw-01 systemd: Starting Plymouth switch root service..."
  },
  {
    "id": 672,
    "log": "Dec 20 09:08:25 prd-ifapigw-01 systemd: Stopped target Timers."
  },
  {
    "id": 673,
    "log": "Dec 20 09:08:25 prd-ifapigw-01 systemd: Stopping Timers."
  },
  {
    "id": 674,
    "log": "Dec 20 09:08:25 prd-ifapigw-01 systemd: Stopped Cleaning Up and Shutting Down Daemons."
  },
  {
    "id": 675,
    "log": "Dec 20 09:08:25 prd-ifapigw-01 systemd: Stopped dracut pre-pivot and cleanup hook."
  },
  {
    "id": 676,
    "log": "Dec 20 09:08:25 prd-ifapigw-01 systemd: Stopping dracut pre-pivot and cleanup hook..."
  },
  {
    "id": 677,
    "log": "Dec 20 09:08:25 prd-ifapigw-01 systemd: Stopped dracut pre-mount hook."
  },
  {
    "id": 678,
    "log": "Dec 20 09:08:25 prd-ifapigw-01 systemd: Stopping dracut pre-mount hook..."
  },
  {
    "id": 679,
    "log": "Dec 20 09:08:25 prd-ifapigw-01 systemd: Stopped target Initrd Default Target."
  },
  {
    "id": 680,
    "log": "Dec 20 09:08:25 prd-ifapigw-01 systemd: Stopping Initrd Default Target."
  },
  {
    "id": 681,
    "log": "Dec 20 09:08:25 prd-ifapigw-01 systemd: Stopped target Remote File Systems."
  },
  {
    "id": 682,
    "log": "Dec 20 09:08:25 prd-ifapigw-01 systemd: Stopping Remote File Systems."
  },
  {
    "id": 683,
    "log": "Dec 20 09:08:25 prd-ifapigw-01 systemd: Stopped target Remote File Systems (Pre)."
  },
  {
    "id": 684,
    "log": "Dec 20 09:08:25 prd-ifapigw-01 systemd: Stopping Remote File Systems (Pre)."
  },
  {
    "id": 685,
    "log": "Dec 20 09:08:25 prd-ifapigw-01 systemd: Stopped dracut initqueue hook."
  },
  {
    "id": 686,
    "log": "Dec 20 09:08:25 prd-ifapigw-01 systemd: Stopping dracut initqueue hook..."
  },
  {
    "id": 687,
    "log": "Dec 20 09:08:25 prd-ifapigw-01 systemd: Stopped target Basic System."
  },
  {
    "id": 688,
    "log": "Dec 20 09:08:25 prd-ifapigw-01 systemd: Stopping Basic System."
  },
  {
    "id": 689,
    "log": "Dec 20 09:08:25 prd-ifapigw-01 systemd: Stopped target Paths."
  },
  {
    "id": 690,
    "log": "Dec 20 09:08:25 prd-ifapigw-01 systemd: Stopping Paths."
  },
  {
    "id": 691,
    "log": "Dec 20 09:08:25 prd-ifapigw-01 systemd: Stopped target Slices."
  },
  {
    "id": 692,
    "log": "Dec 20 09:08:25 prd-ifapigw-01 systemd: Stopping Slices."
  },
  {
    "id": 693,
    "log": "Dec 20 09:08:25 prd-ifapigw-01 systemd: Stopped target Sockets."
  },
  {
    "id": 694,
    "log": "Dec 20 09:08:25 prd-ifapigw-01 systemd: Stopping Sockets."
  },
  {
    "id": 695,
    "log": "Dec 20 09:08:25 prd-ifapigw-01 systemd: Stopped target System Initialization."
  },
  {
    "id": 696,
    "log": "Dec 20 09:08:25 prd-ifapigw-01 systemd: Stopping System Initialization."
  },
  {
    "id": 697,
    "log": "Dec 20 09:08:25 prd-ifapigw-01 systemd: Stopped target Swap."
  },
  {
    "id": 698,
    "log": "Dec 20 09:08:25 prd-ifapigw-01 systemd: Stopping Swap."
  },
  {
    "id": 699,
    "log": "Dec 20 09:08:25 prd-ifapigw-01 systemd: Stopped Apply Kernel Variables."
  },
  {
    "id": 700,
    "log": "Dec 20 09:08:25 prd-ifapigw-01 systemd: Stopping Apply Kernel Variables..."
  },
  {
    "id": 701,
    "log": "Dec 20 09:08:25 prd-ifapigw-01 systemd: Stopped udev Coldplug all Devices."
  },
  {
    "id": 702,
    "log": "Dec 20 09:08:25 prd-ifapigw-01 systemd: Stopping udev Coldplug all Devices..."
  },
  {
    "id": 703,
    "log": "Dec 20 09:08:25 prd-ifapigw-01 systemd: Stopped dracut pre-trigger hook."
  },
  {
    "id": 704,
    "log": "Dec 20 09:08:25 prd-ifapigw-01 systemd: Stopping dracut pre-trigger hook..."
  },
  {
    "id": 705,
    "log": "Dec 20 09:08:25 prd-ifapigw-01 systemd: Stopped target Local Encrypted Volumes."
  },
  {
    "id": 706,
    "log": "Dec 20 09:08:25 prd-ifapigw-01 systemd: Stopping Local Encrypted Volumes."
  },
  {
    "id": 707,
    "log": "Dec 20 09:08:25 prd-ifapigw-01 systemd: Stopped target Local File Systems."
  },
  {
    "id": 708,
    "log": "Dec 20 09:08:25 prd-ifapigw-01 systemd: Stopping Local File Systems."
  },
  {
    "id": 709,
    "log": "Dec 20 09:08:25 prd-ifapigw-01 systemd: Stopping udev Kernel Device Manager..."
  },
  {
    "id": 710,
    "log": "Dec 20 09:08:25 prd-ifapigw-01 systemd: Stopped udev Kernel Device Manager."
  },
  {
    "id": 711,
    "log": "Dec 20 09:08:25 prd-ifapigw-01 systemd: Stopped dracut pre-udev hook."
  },
  {
    "id": 712,
    "log": "Dec 20 09:08:25 prd-ifapigw-01 systemd: Stopping dracut pre-udev hook..."
  },
  {
    "id": 713,
    "log": "Dec 20 09:08:25 prd-ifapigw-01 systemd: Stopped dracut cmdline hook."
  },
  {
    "id": 714,
    "log": "Dec 20 09:08:25 prd-ifapigw-01 systemd: Stopping dracut cmdline hook..."
  },
  {
    "id": 715,
    "log": "Dec 20 09:08:25 prd-ifapigw-01 systemd: Stopped Create Static Device Nodes in /dev."
  },
  {
    "id": 716,
    "log": "Dec 20 09:08:25 prd-ifapigw-01 systemd: Stopping Create Static Device Nodes in /dev..."
  },
  {
    "id": 717,
    "log": "Dec 20 09:08:25 prd-ifapigw-01 systemd: Stopped Create list of required static device nodes for the current kernel."
  },
  {
    "id": 718,
    "log": "Dec 20 09:08:25 prd-ifapigw-01 systemd: Stopping Create list of required static device nodes for the current kernel..."
  },
  {
    "id": 719,
    "log": "Dec 20 09:08:25 prd-ifapigw-01 systemd: Closed udev Control Socket."
  },
  {
    "id": 720,
    "log": "Dec 20 09:08:25 prd-ifapigw-01 systemd: Stopping udev Control Socket."
  },
  {
    "id": 721,
    "log": "Dec 20 09:08:25 prd-ifapigw-01 systemd: Closed udev Kernel Socket."
  },
  {
    "id": 722,
    "log": "Dec 20 09:08:25 prd-ifapigw-01 systemd: Stopping udev Kernel Socket."
  },
  {
    "id": 723,
    "log": "Dec 20 09:08:25 prd-ifapigw-01 systemd: Starting Cleanup udevd DB..."
  },
  {
    "id": 724,
    "log": "Dec 20 09:08:25 prd-ifapigw-01 systemd: Started Cleanup udevd DB."
  },
  {
    "id": 725,
    "log": "Dec 20 09:08:25 prd-ifapigw-01 systemd: Reached target Switch Root."
  },
  {
    "id": 726,
    "log": "Dec 20 09:08:25 prd-ifapigw-01 systemd: Starting Switch Root."
  },
  {
    "id": 727,
    "log": "Dec 20 09:08:25 prd-ifapigw-01 systemd: Started Plymouth switch root service."
  },
  {
    "id": 728,
    "log": "Dec 20 09:08:25 prd-ifapigw-01 systemd: Starting Switch Root..."
  },
  {
    "id": 729,
    "log": "Dec 20 09:08:25 prd-ifapigw-01 systemd: Switching root."
  },
  {
    "id": 730,
    "log": "Dec 20 09:08:25 prd-ifapigw-01 journal: Journal stopped"
  },
  {
    "id": 731,
    "log": "Dec 20 09:08:34 prd-ifapigw-01 journal: Runtime journal is using 8.0M (max allowed 384.0M, trying to leave 576.0M free of 3.7G available â†’ current limit 384.0M)."
  },
  {
    "id": 732,
    "log": "Dec 20 09:08:34 prd-ifapigw-01 systemd-journald[676]: Received SIGTERM from PID 1 (systemd)."
  },
  {
    "id": 733,
    "log": "Dec 20 09:08:34 prd-ifapigw-01 kernel: systemd: 25 output lines suppressed due to ratelimiting"
  },
  {
    "id": 734,
    "log": "Dec 20 09:08:34 prd-ifapigw-01 kernel: SELinux:  Disabled at runtime."
  },
  {
    "id": 735,
    "log": "Dec 20 09:08:34 prd-ifapigw-01 kernel: audit: type=1404 audit(1734653308.852:2): selinux=0 auid=4294967295 ses=4294967295"
  },
  {
    "id": 736,
    "log": "Dec 20 09:08:34 prd-ifapigw-01 kernel: ip_tables: (C) 2000-2006 Netfilter Core Team"
  },
  {
    "id": 737,
    "log": "Dec 20 09:08:34 prd-ifapigw-01 systemd[1]: Inserted module 'ip_tables'"
  },
  {
    "id": 738,
    "log": "Dec 20 09:08:34 prd-ifapigw-01 kernel: ena: Elastic Network Adapter (ENA) v2.0.2g"
  },
  {
    "id": 739,
    "log": "Dec 20 09:08:34 prd-ifapigw-01 kernel: ena 0000:00:05.0: Elastic Network Adapter (ENA) v2.0.2g"
  },
  {
    "id": 740,
    "log": "Dec 20 09:08:34 prd-ifapigw-01 kernel: ena: ena device version: 0.10"
  },
  {
    "id": 741,
    "log": "Dec 20 09:08:34 prd-ifapigw-01 kernel: ena: ena controller version: 0.0.1 implementation version 1"
  },
  {
    "id": 742,
    "log": "Dec 20 09:08:34 prd-ifapigw-01 kernel: ena 0000:00:05.0: creating 2 io queues. rx queue size: 1024 tx queue size. 1024 LLQ is ENABLED"
  },
  {
    "id": 743,
    "log": "Dec 20 09:08:34 prd-ifapigw-01 kernel: ena 0000:00:05.0: Elastic Network Adapter (ENA) found at mem febe4000, mac addr 02:ec:4d:0e:d0:eb Queues 2, Placement policy: Low Latency"
  },
  {
    "id": 744,
    "log": "Dec 20 09:08:34 prd-ifapigw-01 journal: Journal started"
  },
  {
    "id": 745,
    "log": "Dec 20 09:08:34 prd-ifapigw-01 systemd: systemd 219 running in system mode. (+PAM +AUDIT +SELINUX +IMA -APPARMOR +SMACK +SYSVINIT +UTMP +LIBCRYPTSETUP +GCRYPT +GNUTLS +ACL +XZ +LZ4 -SECCOMP +BLKID +ELFUTILS +KMOD +IDN)"
  },
  {
    "id": 746,
    "log": "Dec 20 09:08:34 prd-ifapigw-01 systemd: Detected virtualization kvm."
  },
  {
    "id": 747,
    "log": "Dec 20 09:08:34 prd-ifapigw-01 systemd: Detected architecture x86-64."
  },
  {
    "id": 748,
    "log": "Dec 20 09:08:34 prd-ifapigw-01 systemd: Set hostname to <prd-ifapigw-01>."
  },
  {
    "id": 749,
    "log": "Dec 20 09:08:34 prd-ifapigw-01 systemd: [/usr/lib/systemd/system/irqbalance.service:12] Unknown lvalue 'ReadOnlyPaths' in section 'Service'"
  },
  {
    "id": 750,
    "log": "Dec 20 09:08:34 prd-ifapigw-01 systemd: [/usr/lib/systemd/system/irqbalance.service:13] Unknown lvalue 'ReadWritePaths' in section 'Service'"
  },
  {
    "id": 751,
    "log": "Dec 20 09:08:34 prd-ifapigw-01 systemd: [/usr/lib/systemd/system/irqbalance.service:15] Unknown lvalue 'TemporaryFileSystem' in section 'Service'"
  },
  {
    "id": 752,
    "log": "Dec 20 09:08:34 prd-ifapigw-01 systemd: Cannot add dependency job for unit display-manager.service, ignoring: Unit not found."
  },
  {
    "id": 753,
    "log": "Dec 20 09:08:34 prd-ifapigw-01 systemd-modules-load: Inserted module 'ena'"
  },
  {
    "id": 754,
    "log": "Dec 20 09:08:34 prd-ifapigw-01 kernel: ip_local_port_range: prefer different parity for start/end values."
  },
  {
    "id": 755,
    "log": "Dec 20 09:08:34 prd-ifapigw-01 systemd: Started Apply Kernel Variables."
  },
  {
    "id": 756,
    "log": "Dec 20 09:08:34 prd-ifapigw-01 systemd: Mounted Debug File System."
  },
  {
    "id": 757,
    "log": "Dec 20 09:08:34 prd-ifapigw-01 systemd: Mounted POSIX Message Queue File System."
  },
  {
    "id": 758,
    "log": "Dec 20 09:08:34 prd-ifapigw-01 systemd: Mounted Huge Pages File System."
  },
  {
    "id": 759,
    "log": "Dec 20 09:08:34 prd-ifapigw-01 systemd: Started LVM2 metadata daemon."
  },
  {
    "id": 760,
    "log": "Dec 20 09:08:34 prd-ifapigw-01 systemd: Starting LVM2 metadata daemon..."
  },
  {
    "id": 761,
    "log": "Dec 20 09:08:35 prd-ifapigw-01 systemd: Started Remount Root and Kernel File Systems."
  },
  {
    "id": 762,
    "log": "Dec 20 09:08:35 prd-ifapigw-01 systemd: Starting Load/Save Random Seed..."
  },
  {
    "id": 763,
    "log": "Dec 20 09:08:35 prd-ifapigw-01 systemd: Starting udev Coldplug all Devices..."
  },
  {
    "id": 764,
    "log": "Dec 20 09:08:35 prd-ifapigw-01 systemd: Starting Configure read-only root support..."
  },
  {
    "id": 765,
    "log": "Dec 20 09:08:35 prd-ifapigw-01 systemd: Starting Flush Journal to Persistent Storage..."
  },
  {
    "id": 766,
    "log": "Dec 20 09:08:35 prd-ifapigw-01 systemd: Started Create Static Device Nodes in /dev."
  },
  {
    "id": 767,
    "log": "Dec 20 09:08:35 prd-ifapigw-01 systemd: Starting udev Kernel Device Manager..."
  },
  {
    "id": 768,
    "log": "Dec 20 09:08:35 prd-ifapigw-01 systemd-udevd: starting version 219"
  },
  {
    "id": 769,
    "log": "Dec 20 09:08:35 prd-ifapigw-01 systemd-udevd: Network interface NamePolicy= disabled on kernel command line, ignoring."
  },
  {
    "id": 770,
    "log": "Dec 20 09:08:35 prd-ifapigw-01 systemd: Started Load/Save Random Seed."
  },
  {
    "id": 771,
    "log": "Dec 20 09:08:35 prd-ifapigw-01 systemd: Started udev Coldplug all Devices."
  },
  {
    "id": 772,
    "log": "Dec 20 09:08:35 prd-ifapigw-01 systemd: Starting udev Wait for Complete Device Initialization..."
  },
  {
    "id": 773,
    "log": "Dec 20 09:08:35 prd-ifapigw-01 journal: Permanent journal is using 3.0G (max allowed 2.9G, trying to leave 4.0G free of 16.8G available â†’ current limit 3.0G)."
  },
  {
    "id": 774,
    "log": "Dec 20 09:08:46 prd-ifapigw-01 journal: Time spent on flushing to /var is 10.372398s for 572 entries."
  },
  {
    "id": 775,
    "log": "Dec 20 09:08:46 prd-ifapigw-01 kernel: input: ImPS/2 Generic Wheel Mouse as /devices/platform/i8042/serio1/input/input3"
  },
  {
    "id": 776,
    "log": "Dec 20 09:08:46 prd-ifapigw-01 kernel: mousedev: PS/2 mouse device common for all mice"
  },
  {
    "id": 777,
    "log": "Dec 20 09:08:46 prd-ifapigw-01 kernel: input: Power Button as /devices/LNXSYSTM:00/LNXPWRBN:00/input/input4"
  },
  {
    "id": 778,
    "log": "Dec 20 09:08:46 prd-ifapigw-01 kernel: ACPI: Power Button [PWRF]"
  },
  {
    "id": 779,
    "log": "Dec 20 09:08:46 prd-ifapigw-01 kernel: input: Sleep Button as /devices/LNXSYSTM:00/LNXSLPBN:00/input/input5"
  },
  {
    "id": 780,
    "log": "Dec 20 09:08:46 prd-ifapigw-01 kernel: ACPI: Sleep Button [SLPF]"
  },
  {
    "id": 781,
    "log": "Dec 20 09:08:46 prd-ifapigw-01 kernel: Adding 8388604k swap on /dev/nvme4n1.  Priority:-2 extents:1 across:8388604k SSFS"
  },
  {
    "id": 782,
    "log": "Dec 20 09:08:46 prd-ifapigw-01 kernel: EXT4-fs (nvme2n1): mounted filesystem with ordered data mode. Opts: (null)"
  },
  {
    "id": 783,
    "log": "Dec 20 09:08:46 prd-ifapigw-01 kernel: EXT4-fs (nvme1n1): mounted filesystem with ordered data mode. Opts: (null)"
  },
  {
    "id": 784,
    "log": "Dec 20 09:08:46 prd-ifapigw-01 kernel: EXT4-fs (nvme3n1): mounted filesystem with ordered data mode. Opts: (null)"
  },
  {
    "id": 785,
    "log": "Dec 20 09:08:46 prd-ifapigw-01 systemd: Started Configure read-only root support."
  },
  {
